dampjpezhrbljttamccveubfzgapnubk
aababbaaaaaabbbbaabaabbaabbabaaabbbbaabbbba
dmbjtglfzpbnvzkweyfdmdsaqeloegovektelzave
aaaaaababaabbbabbbaaaabbaabbaaabbabababaaaaabaa
lgspkouoeqpbkjmnsdfblxdcvwfnlwbaxkwadwropdfeubesnfhdtvcxhdnadhtfouubhphpwqbfyptvvssvadaxtoppktbxroihikgqfejjafplxdxvivotuukrwjxfhkpdokzjepelvracimwqcukarwbezbldmsrzlec
aaaababbbaaabaaabbbbaababbbbbbbababaaaabaaaabbaaabababbaabaabbbaaaabaaaababaabaaabbbbabbbaabbaabaaaabaabbaaabbbabbbaabbbbababbaaababbaabaaabbaaabbabbaabaaaaaaabbbaabbbaaaababbaabaababaabbbaabbbabbaabaabbaabaaabbaaababbaba
lbnaditeybosatpbkstabxkqugjgjzratwwacfmcquoqepxpukusbwbxwbpgjqitepbnvlbtollfycclqglorbdhpokexkccdufuamabvfppopwombgikxnkczcxuhlqixaygfcxujdwhecmgpyvvlmguvfdzrbppyfofcflneeviekyvpenvqclxlcrecwgxcgusjwygczvhxadxlxgnwhjkdgjnmcwuvekrsn
baababaababaabbaabaabaaaabaabababaaabbabbbbaabaaabbbaabaaabbaaaaaaabaaaabbabbabbabbaaabbaabaabaaaaabaabaabaaaaaaabbaababaabaabbbbbbbbaaaaabbaaabababaaaaabbbabbabbaabbbaababbabbaaabaaabbbbbaaaaaaaababbbabaabaabbaabbaababaaaaabbbaaaababbbabaabbaaab
bqnodfiihaaddfiaquvat
aaaaaababaabaaaaaabaabaaa
lacdagihndaellsjxnqwogypezuljhsa
aaaaaaaaaaaaaababababaaaaa
jszrrcujqilgrxkwabnlsmznrevpsuufysqvezribzfcwvaxegfccfnlwyqkoqmkrarcoujeqlqfqkxikihqandxutskqiheghzjwpcehyhgcuhqgizdgipfcedknihpzfnszetkcstelgnjacbstpzqzznxuwjobqdzyptpqswndctvtmcnfjkksygrgrdzhleeyayrgeokayhxboqtsmjmlzmyigootmmrdekugnchugvppfksezyepuxgdmholwspbuflrvindnzziahefliuetggbplxbqezbgzkgocqcxxckrhpzctyzqpnmxlxrabitmaghuypltbjllxftaknzyznqoklttctrqsilbhugqicvzwhyzachxvknjtgsmimhccwgwbnbjjseoiszkxraktbwldidbsmjhykgwjysppiakfagunbvfljekqrzdfdtbdwomsxabwilgigcnpzdghttiyxojjcholzslkwmamdfjkzuzqmbczpekzjiiwzgxfwhexminaommxpuldyakaleefvuauwgwidmqisqxmsa
aaaabaababaabbbaaabbbaabaabbaaaaaaabbbababbbabbabbbaaabbbbaaabaaabaabaaabbbabbbabababaaaabababbbbabbaaaabbaaaabbbbaaaaababbaababaabaaaababaababbbaaabaababbaaaabbaababaabbbbababaaaabbaaabbabaabbbaabbaaaaaabaabaabbbababababaabbbbabaabbaabbbbbabaaaaabababbabbabbbabaabbaababababababaaabaaaabbabaaaabbbbbbaaaaaaaaababbbaabbbabbaaabbbababaabbaaaabbaabaabaababbabaaaabaabaabaabbaaabbbababbaabbbbbbabbbaaaaaaababbabaababbabaabbbaabaaabaabababbbabbbabababbaabbaaabbababbbabaabbbabaaaabaaabbaaaababaaaabbaabbababbaaabbbabbabbbabbbbbbbaaabbbbb
inyooskhtzodiykmslvupfdzynxgmpsxivebnyztccozboefynkgwbktbvjdlcgaoixtajvbfllsduxmkntjdncewxigmtqasexmxukznhpzhufczicrmopemkntvxgmozpnsrzcjjgrvwfxahjgjyovsgydqjkubrovyqltqgeofgtqdqbrglvzwfgwzsrsnihtziyfrfermhbvnxajcfurcnmcihyqktwvjqdtdnxafpxjymilbuhqcqnjjpnvckyipixgahdpnfmwybargnkcfruspoltbmaetrhzvqdlhnfwlbenuvhnxcdbkqwgqadhgcfhbkneymgzvbwdtjnoijocasftemwiuifdyqxkglsvalbrvnlsdacwzteukoammwvciyrwdjmxsdsuevesdebohjdsjiqvhopxezikicaiukemnjkkzbtvvdygchejakgxiyuftxgeelfrcigggmutaeddyhqjjceygsxppxryfuellmddgveolmiakxpknclhnegokeokumxitqnzrgbyjsatfgkusx
aabaabaaabbaaabbbabaaabaabbbbababbabaabaababababbaababbaabbbabbbbabbaaabaaaaaaaaaabaabaabaaabaaaabaaababaaaaabaaaabbaababbaabbbbabbaaaabaaaaaaaabaabaaaabababaaabaaaaaabaaabbbaabababbbbabbbbaababbbaabbbabbaaaaabaaaaaaaaabaaabbbaaaababaabbbbbaaaaababbaaaaabbbbbaabbbbaabaaaabbaaabbababbbabaaaabbbbbbaaaaaaabbaabbbbababaaaaabaaaaabbbbaaabaabababababbaaaaaabaabbabaaaaabbaaaaabbabbbabaaaabaaababaabbbaaaaaaababbbaaabbbbaabbaaaabbaaabbbabbaabaaabaaaababbbbababbbbababaabababaaaabaabababbbbaaabbbaabababbabbababbbbaaaaaabbaabbbaaaabbababbaaabbbbabaaababaaaabbaaaaabaaabababbbaaaabbb
ejtwmkjncjjcxywltsuqtxvtbvcxahcfpiqrkaiedltpsukeqcxdfbfeiemvuahicftjvwrlfimllumeyhcdlneefonppbvdhtsfgqymvulkxeukvinztaquyllmjewjmwybfncnjabofrghfqrrtiwaqpyvefeifcdwikdloaypbjixhipmfhfhapujqkmjiepwnpstwaemgzjpnammymzufnuryarzzhxcgypptgrfaffpkcmtbamltlehrqiykuvkekfucreeoimfwhgolbmmseeijfabzdghbettazarddberbkbdxqtonstaamrrpdxfaetzpogmolwvpotkxrskbexyhuiokzhxsffagkkokgphwukajohcwaaojlgymelrqfeykccubqctxwboadaufgmzgfdfukufgqmpjvuvnrxgmbwrmquwsczeaqzfvubtkxjlaaqcuclwwuqwerhongnfmtmtcstqbcucborclzuewnazzomargnyghcgckwgfzduwsnjkwadttvyrprfpvwximqrxonweggutyyemtutvkvjbvrewcdaewyighnhiyglwcjivwwd
aabbbaababbbababaaabaaabaabbaabaabbaaababbbabbaaabbbababbaabbabbbbaaabbbbaaaaabaaaaabbaabbaabbaabbabbaababaaaabaabbabbaabbbaaaaaababbaaaaabbbabaabbaaababbbbaababbbbaabaabbbbbaabbbbbbaababbbbaabababababaabaaabaaaaaabbbbbbbbbabaaabbabbabbaaaabbabbabbaabbbbbbabbbbbabbabbabaaabababbabbababbaabbabaabaaaaababbbbabbbaaaabbaabaaabaaaababaaaaabbabaabaabbbaabaaaaaabaabbababaaaabbbabaabbbbaabaabbbbaababaaaaabbaaaababbabaabaaaaaaaaabbabaaaabbbbababbbaaaaabbbbabbaabbaaababbbbbbaabbaababbbbabaabaaabbbaaaaaabaabbbabbaaabbaabbbbbbababbaabbbbbbababababaabbbaabaabaaababbbbbababbaabbaaabbbbabb
awrbsnnijnwtpdkhclevllefazltzruzhjysrabeeolplrenvzmqoifkqalchojsqgqneekefsqbcluvwnaunmntzpmcqkephxolhdlmdmmnncjtpofbetpbfgwzknhgtbvcdkzxpsamxgplowgjnzredxpfxfufggttqhiszlcdcnirkdykhrywrcivnspaeuehedwiaxpisqsqyufipfhtixyudewebirmzokevzogyugfbzqpwbkrzqpfbxaynxaltgukdwzgykewcokgucjzvyzhumebxpzkmbfrwsgswtyvntgblsfegulbqkohkpbdlzhpckzymtpbkhejzlzqknbjqbpjiaqdswbhxvpepxhoaltvncfqxcmpjhjpnzgcalcsxqfitkcfyfecnyspxppnnbdbllyisqqnpkqjdtpahhtaturcjfndjzovbodcemabxffhasqkdcrnhdvdcwbczllkofogdexrelxpnpquicestmljobkifynkenyxyqhaimspithhmfpecyjyxoqahymaairdrjzgvsyqytmzkrwaqlckyamddfohiqobedcaiwdkzz
abbabbaababaabbbaabaabbbbababbaaaaaaabbabaabbabbaaaabaabbbbaaaabaabbbbabaababbaababbabbbaabaabaaababaabbaabababbaabaabbbbabbababaababbaabbbbaaabaaabababbaaabaaaaababbbaaabbababaababbaaabababbabbaabaaabaaaaaaabbbaaabaaaaabababbabbbbabbaabbaabaabbabbabbbbabaaababbabaaabbbaaabaaabbabbaaaabbaabbabaabbabbabaaaaaaabbbaaaaabaaababbababbabababbaaabbbbbbbbbabbabbabbaabaababbaaaabababbbaababbaaabbaaabaaabbbaabaabbaabbaaaabbaaabbaabbbbbabaabaaabbbbbbaabbbbabbababaaabbabaaabaaaaababbabaabaabbaabababbaaaabbbaabbabbaaabaabbababaabbbaaaaaabbbaaabaabbbabbbbaaabbbaaababbaaabaaabaaabbaababbaabbbaaa
imvuugpvjadwgqlfbcxybffpcbbenepqeyb
aaabaaaaaaaaaaaaaabbaaaaaaaabba
ehklusaitlzacmhtoaaejpcgilhk
aaaaaaabaaaaabaaaaaaaaaabbb
aqctmallejzfzwhuifftnmjcgbjfzrknuwefepwsjnpwphpxdxrmdszfnjigwmgnyzxqtxjdjrdmafkveqtuqflhbqiqqobeqwuanvlqzhxcjlafdkwnqkmraioetjnaavfqeizfyonvugmnomsabugwexebbbpbfcihghysmebelrwbdjixpvohsenafonsylmhondzpmcfbndcaffujatiushelahqcqdebjxjwbttavlxlkdnwqundflkewfigragyrltgsznyvdhvdlzxikcraufwohmiyivwqvrnnanozchwacbsylianudbsytvjvvwkixfyrahxogwkeurfllgtjoubwbenrjcocevdicaauaizmt
baaaabbaaaaaaaaabaaabbaaabbabbabbaaaaaaaaaabaaabbbbbabbabaabaababaabaaaaaaaababbabababaaabbaaaabbbaaabaaaaaabbaaaaaaababaabaababaabaaaabaabbbbaabbaabaaababaabbabaabaaababaaaaaaabbbbaabaaaabaaaabaaaaabbbbababaababbabaaaaaaabbbbabaaabaaabbabbaabbbbbbbabaabaaaaaaaaaaabbaaabbbaaabbbabbabbabbaabbaaaaaaaaaabaaaaaabaaaabbbbbbbaabbabaabababbbabaaaabbabbaaabaababbbbbabbababaaaaaab
zuhuhafdrwdakuvteqcitweirbubjwwkcbcckpmdqfakngmknhebbndpqvlopbywqdbaucmtjsjsgiclkajgofpsztepxrtdodcqomhfcqfvireaeaxmywvjowybbbhfjioyepzrtowwsqaqvbrvazovqfavggayzxntbnaiqbtgxuijiugpmyxuejtzrjvyovcfjvmpasxmbosynkxoxemmumgqwdgqdwqempijumspbqcbkkqfzamxltlpqbkqaaboogidvyapswbuqdvgqnbpzucsutoabfgscalqsapjsgmhbcrkowblhjecanqalglhcbbosrhhinkbarbwkiflhncmfcqmkkvyeabgzzcfwdzpyrno
ababaaaaabaaaabbababaabaaaaaaaabbaababababbaaababbbbbaaabbabaaaabbbaabaaaaaabbaaabaababababbabaabbabbaabaababbbabaabbabbaaabbaaaabbbabaaabaaaaaabaabbaaaaaabaaabbaaaaaabaabaababaaaaaaabaaaabbbaaaabbaaababbaaaaabaaababaabbbbababbaaabaaaaaaabbabaaaaabbbbabaaaaabbababbaaaaabaabaaababaabbaabbabbaabbabaaaaaaabababaababbbbbaaaababbabaaabbbbbbbbbbababbbbbbabbaabaabbaaabbaaaabbaabbabaababaa
dmvkpkcxjgbsklxsxdisylgcgqcrskvjxuwfribwqfiazadyhnyqrigatlmzkcuzrdrxhghokqeceqzndnvmsvvertudieahspzqgolocxgifnbftiooawjryclxrdacjcfqmqahubnsagexczpqjqyacdscglrhslmtgzpcqnncehvoyjtzkueztsgkwedatpvvtvsxdonozsbxeanqqjkfsrfxeqiabngjimookdermsttdvylvsgmygoxfskwlhmkruopwlmhzijgxfnlyujpcdskgjujwvdnaddjeheqegpoiwenvbckjdpxtmvghfqystxzopjeafzktgcwfxgmzmgvqgaxowuajodsugzhhmxscbhmurjfpzipimcvcrfbgjnlkkbghrb
abaababbaaaaaabaaabbaaaaaaabbaaabbaaaaaabbababbaaaabbbbbaababbbabbababbbabababbbabbabaaabababaaabbbaabbbabbbbaaabaababbbaaaabababaaaaabababbabbbaabbbaabaaaaabbaaaabababaabbbabbaaabbbbbbbababbabaabbaaabaabbbabaaaaabbbbaaaababaaaaaaabaaaabbabbababaaaaaabaaaababbaabaabaababbaababbbaaabbbaaaabaaabbbbababaaababbbabaaaaabbaaaababaabbbabbaabbbaaaaaaaabaaaaabbabbbaabaabbbbbaaabbaaabbbbbbbbab
bbhhktzliufgwgwzmyijwlloladxxstwqzudpfttamwxubejoypqbaawuqevfakgplokkwbuxbpsqjbmdjehicdmohepmtpabivcbeunybaffghppaylwscifjgyybjiajtwpkbefsrmgkxrnirtuwxybbpscdlgoeencludbdfbcqhjfaaykwmendrhmqhzwqzcmmddwcdwydtbbfjtasdkdfnsckbghlmzdfxeodddygvmgeeheyhdmtpzamvapsqzkcbgowaehbyiacglzqawdoyohlornosuaqrnjtadaqistoijxctfiqrlbcpdtluqnytarozgbdkujbfzyjkatozrebmznpbxerxtylwbkexfsbpafubztzcyhepzlxwewzjo
baaabbbbaaaaaabbaaaaabbaaabaaabbbbbaaaaaabababbaababbaaabbbbabaaabbabaabbbaabbaaabaabbbbbaabaabaaabaaaaabaabbbabbbbbaaabbaabbaaabaababaaababaaabbbaaaaaaabbaaabbbbaabbaaaaabaaaaabaaababbbbbaabaaaabbaaaabbbaaaabbbabaaaaaaaaaaaaaababbbaaabbabaaabaaabbaaababaababbaabaaaaabaaaaaabbaaaabaaabbbbaaabbaaaabaaabbbabbaaabbbaaaaabbbabbbbbaaaaabbabbbbabaaabbbbabbbabbaabaabaabaaaababbbbaabbaaaabbababb
bhqqradgbclstixlpgncdjd
aaaaaaaaabbaabaaabbaaaaaaaaabaa
aaacgcsniqbbktrl
aaaaaaab
hmkmraamajnormrhineycnhzbzvxvotiymvrvaszjdkvnbklkpfgmygtswdjjchkplgjwhlgtrzmdjjgseibgkkbcoljsdcvddxadkkwyeoegdefnotvcviigacftbabcdzamcotavbdpjvbnpcpliffwoeaelafamqleccoqzrcbdkashcfiahhxmlyxojmrxny
aaababbababbaaaabbbaaaabaabaaaabaaabaaaaaabbaaabaaaaaababaabbaaaaaabaaaaaaaaabbaaababaaaababababaaabaaaaabbbaabaaaaaabaaaabbbabaaabbbaaabaaabaaabbbaaaaaaaaaaaabaabaaaaaabbbaaaaaabaaabaaabaabbb
fjhqkhohiaxokilnlykkxafjkeabdkcdhamzdjzhkojfmrtjfiouvcccigfsuoaiprcdmyhlqkpybihvxaeshuzjlocjxspwjsfouyjgcwbgufeprrtgjdeajfobilrbyfwkikiapgxqqazqencdlvhbqiuyazcmcscldzzzvcrpdqjszcaatbkeouxc
aababbaaaabaaaaaaaaaaabbabbbbbaaaabbbbaaabaabbaaabaaaaaaaaaababbbbababaababbabaabaaaaaaabaaaaaaaaaababaaabaaaababaaaababbbababbaabaaaaabaaababbaaaabaababbababbbaabaaaaabbabaabaabbba
dlprdhydguacfqyjfdcktdncrspbcdxmbhbauzojghdigfmnmmejvekadfcotfokeabrcnvjddallnhvjladgovdeilqfincigbqyewmafudxlmxebhveijaujejznrtagcjuzvpauwhwdqjteabotaubilitbcnyreejcejszddshxdkgssxygfj
abaabbaaaabbbaabaababbaaaaaabaaaabaaaaaaaabaaaaababbbbbababbabaaaaaabaaabaaaaabbaabaaaaaaababaaaaaabbbbbbbabaaaaabaaabababbaaaaabaaaabbaaaaabbabaaaaaabbabbaaabbbbabbaababaaaaaaaabaaaaaaaaaabaaaaaabbb
ahnibuvaucdysuftkzwmisgwioaaaknnbdhbmgnrgxmesenamxjmdgjjmtebkcvsmwgcyimnffqsffdkoczceryopdackstgodwfqohrdilvpomubtbalssdaiwizuabqahqorqtgevbptkkthbtiyywgtgakcicgibiuorwslcadfrhichtcomdmvelbsjjdkhptos
aabbaabbbaaabaaaaaaaababababbaaaaaaaaaaabbabaaaabaabbaaabbbabaababbaaabaabaaaaaaaaaabaabaabbaaaaaaaabaabaaabaaabbaaaaaaaabbbaaaaaabaabbaabbbabaaabaabbbbbaaaaaaaaabbaabbb
acetuksougfwkuvqvttgwihlpiaukauheqdaelykbmgvpbbsfypfonppzhevgmdhwmhkvdnvwzozinesalcabqsnteouoqjkxxvywdmuqrlniebphfhaptvxcuihjbdhimbokihdhxsallcezzassbaqzeqwrqfwegccyseafmrwygqcfafnlpqjjdayakvjugoenywofabhoaowmrtywrbymyjkwfxdwhkllhqaiushnrtztlanpnzltqqhrmandbsesrdouvudnizgaymdijpbqghftmjtzgvfjwxwbqvvhcxjzuqfsugnexqnmerolpmplynxdgznahqmmjzguffipaaavzquttqfzevsuuqnxymauddatzhgxuwwcnlhqandzkusigziqyopcvakwzsdxngvvwnhfovbmncrzhgyixidgrogiuxieklnqtjuvfbvwtlxwblxntfaslfqkrpnzvpttpphyxtmdibbztvy
aeakkcreffhatibduwtcnndjwqwbnfmzarxrmlthjxahajogkthfdbjcralfdtnriydtinnvzwbeztdwdskpmtpmsmkxxitovsybcjdzrbyntovyxrjxhitodhusgjxgnrykvqetqiobftqyxtaflillwqogaxuyailzlerdqjsgukbdingttdfxsvsrruwmkxtrkklcyuamvhoptjrtbwovtjasxgqzidkxjhrqtdtlndcegvvriwcdyaddlixhkgzxydtghjpbmlxidbunmcrgydcfpfszhctuecraqgabpyhrxxjylmbrrdfvcrkdnheosgrqxthbccjkuqwxoqmkxqvetuibdeyyyziqimwjuoanqzeoxiekyaepsxnqnwsizbspyufhwxrclylmdqmehxmwropxtyhxiakwgmwchhndrrkovhfatdpikbadsauxfsdgvzhylutyvglopvfumwumulahtlwivffqvjalebrw
aaaaaaaaaaaaabaabbbaabaaaabbbabbbbaabbbbbbaabbbabbbbbbababaabababbabbbaaababaaabaababaabababbababbbbbbabbabababaaabbaababbaababbbbaaaaaaabbbbabbabaaabbaabaabbbbbaaaaaabbababbbbabaabaabbaabaabababbaabbaabaabbbbabaabaaabbababaaabbbaaaaaaababbbaababbbbbaabbabbbabbbabbbababbbaaaaabaaaababaaabbbabbbababbbabaabbabbbbabbbaaaabbabbaaababbaabbabbbaaabaaaaaababaabbabbaabbbbaaaabbaaabaaabaabbaaaabaabbbbabbbbabbbbaabbaaaabbbbaabbababbaabbabababbaabbababaaabbababbbabaabababbabbaabaaaa
aaaaaaaaaabababbbbbbbabbaabbbbabbaaabbaabbababbbaababbbababaaaaababbbbbaabbaaaaabbababaabbbaabaaaaaababbbabbaabbaabbaababbbbbaaaaaabaabaaaaaaabaaaaabbabaaaabbbbabaabbbbaaaabbabbbababbbbbaaaaababbaaaaababbbabaaaaabbbbbbaaabaabaabaaabbbbabbbabbbaaaabababbaaaabbabaabbbaabbbaaababbbbbbbbababbbbaabbaabababbbaabaaababbababbbaaaabaaabbaaabbbaababbbbaaaaaabbbbaabbbaabaaaaabbbbbbbabaaaaaabbababbbabbbbaabaaaaaaababbbabbabababaabaabbaaaababaaabbbbbabbbbabaabbbbbabaababbbbbbabbaababaaaaabbabbaaa
ikthszkkbcsbfkythomlpywcmoetjjeexexxalugewivjpxdbylojkzvrtrfptbpegbcpevcligvrnqlrnsomxntnoqdjjlrrkaztbwvsakffntvltfcrbsnkrajlgkojkynirfjpzsphslxfzxvcbvbduiuqtngicgvhieselouebmygxrjpuwxarzfsbpnoghjurkxtdqdducdeakzdieoidrfegmtftgnjtxkzhbhvapnjrsznuckxhvtqutapoyhbsqoumfndxqfdetxrkfktidkerzwchbkppibfumdjhlhqinuorfqycylkzcvvtxwdwzdqzwodgrmmbnylioiapmadapqdnipcuugunsnrtmwarcunexkoptcebqphjvgbjvwxytrsuktteibjdutwhvbvzpzebylvbltrjbizajnacfsjsugjiiyufowkjwdvsyyydslqdgwafzteomrxgthsgkowdmlpwpzxmpmhhowuvfcqgeosopjsolaojujuiuhecjrofmfxcrwgtcisjzdmghhgpoqccqxennvyuijldbyuvfnufflaudeescyipyrhymwebhircaonlpxpncukvoyfgsuwkvgeneeckwllmdgjxanldocxilcpnemrscetvwmfrfmtrmrxnnovsqhruwlhpthgyoskynxcwrhrxjtxgjaodkmgpetuyvhskdenlvdwfevajhyvzsossuxegjsgdywwetcxfjllyllpxrmjicschlphokwtpnpwpvlkjhnwlljdlbatrgmlrvlevfbrdpaeioofvoqqbcstgrzqodvyfknmbjnuouihruauoqrxlujqujvekoqgmehmqobnrkrblnwyojmrugoujziksmyglgeiykfvcqblkaatofyppklqiwlt
tlffwhuoerovgcftlkknurgiuoyntdosblpsiujielmswutchjfcbbkhmesckdwkijtxagvyfbmxadnzfpmkbeuaciiwmboliqukdenpemzpjmcumcnklvyrueiwjfgsydurhxagfmbfgysxvrgzbrozrvhhhixdpfxosuruufyyrlgkiqibdxnnjjlhidoffyfnlziwrgngxnkkfwqgvkfgclcydzozfgngrsoxusschcoxsvddgrnvlbzvaymkxtznyvejxmdpptlohylvqgpdgbsoadsirygudumlgdivdowbxsfrngkzjojutdlvgzzxnxquwhyhobqdbjhbjueimljuvqmthynhdnetwfzshdkjpzhdakgvpawllshudgctnhxoyuciuhorvtofvfepkmlpgwrxnxpibcqtbkrelxhwtzgphlcpbacvvokpnitjdnwjftouxcprofoygovdzakifjrrqnitynrwtigfanjddvaalpxraqehvxvahsloimlqwinjdvadtxnyyhfrgkxvscqshixjlcydoboakqevbqaxvvoxvkzhwscgjfmauvhfbszttotkouxowwdmaavpvwekeukjetlluwliuxsmjucwqiymddvychyesmyogmboifkfkkwigmdkduzriaypnjdgzcydlsgwonhvbwjlzeqjyvbqhglthhwliokonxkplvholqgnkrlluhxtomtumsjiwuyjndkdmklvakiclavzvwdahbatbkiyvvexflzorsbsobpjablodhbzgflrumskisuvyxxehqpseevwwtqzujwrcunoxkfjzkayddaykwdmqniqrkfbbsilvvryozzroytptassmvmfaofwr
