mvjzvubspamghqlculphyizijpgrjczfgvivrfqegauak
abbbbaaaaaaaababaaaabbaaaabbaaaaaaabaabaaaaaabbba
cgogskvhxshtthhovafwnbkdrqymgtwipdoaundyxsnzwjogzzqshmshjdo
abaaaaabbbabbabbabaabbbabbabbbbaabbaabbbabaa
abcxgoienddexxlmqdvxebfiyfyexksuimnpcbwlxfhnmbrbrqzgluymlbwtnewvntzppbwmnspgqrrzglncrglogrdyssmbhrvpldwodvtgpbbiuxmoghkaxfcruabpxgvihykjrwvmrwxlsbfjfzgfeylfbgfzqulkuzkdfblzhpfhjvsybhpgjzhn
baaabbababbbbababbaaaaaaaabaabaababaaaaabbbabbabababaabbaabbbababbaaabaabbabbaaaaababaabbbabbbaaaabaabbaaaababbbbbababbbbbbaabbabbabbbaabbbabbbabbaabababbbbbbabaaaaabbbaabbbabaaababbbbbabbabbaabaaaabaaabbaaabbaaabaabbabbbbabbaaabbabb
fwezvfqemtlkddmozjbzyscebubgzyahosruljgloonvacsadpcdkeapdrjublhjnywwezluikoxygdfmwuprngagehuolzifuopwhkhyeepftzgittzgcdeocrdhrzncscvgfoskqrzlpcqlklmxxukrysttgebqnljvydqddkagaukspc
aabaababaaaaaababbabbaaabbbaaabbaaaabaabaaabaaaaabbbbbabaaaabaabbabbaaaaabaabaaaaabaabbbbababbbbabaaabbabbabbaabaaaabbbabbaabbaaabbbbabababaaaabababbababaabbbaaabababaaaabababbaabbbaabaabbbabababaabababbba
dfchnsjeaqwiormqbqrahwfd
aaabbaaaaaaaaabbbbaabaaabababbbaabaaaaabaaaaababaa
pfhrfnrpaxmlccdcovedrdvlslczlm
aabbaaaaaaaaaaaaaaaab
huypgaoxxoaosgxzbpueazjpztipfteyvgvvgyokznmuwcjpvwpqdgadbryfbrufdujmppdopyvadveoyfhvkypwnkcjrwlocmouyywvsqjniafvdadqsmlbogzwhmdddinwqssgcrefyxarkgxboyiomeyqeiqmgxcznspoanbdptsakeeofcftsyuhmwkfehjcxrslhnzlfibbhfsamvzmcqvaykvhpljdvfphvawdmpeastmsoakrevqlhtcxdfeziljaisncbknwhdljdqfgmendxuzvzfwdjeefarqtbnhebdbegbxrndhusbhuinfcpgugcpvwjhujiqeunzwikwjpfajaxhasophsshrxuqcbdnfxpgdenvupzvvknbjttaasvanrtyskxzxxmzglpebxpmhfftrcyiqudcqdkhmjshqlfohfeiwvgguvbqzbbdkmovsxjwjfweqizeddogboumrjeoukqacklyqkmepgabjeimrzstfdnkcqcnxkfyvwnfcpyagmvagnkfsftakrvynvttnqcrsugcnruhewbygipqgvcqvxvgvaxwqtvflbesfzxcmhocand
ababaaaaaaaabbbabaaabbaaaaaabaaababaabbbbabaaaabaaaaabbbababbbbababbabaaabaabaabaababaaaaaaabababababaaaaaaaabbaabbaabbaabbbaabbbababaabbabaabbaabbbbaabaabbababbaababaabbbaabaababbbbaabaabaaabaaabbabbbabbabbbababbaababbabaabbbbbbaaababbaaaaaabbbbaabbababbbbbaaabbbbaaaaaaaababbaabbbaaaaaabbaaaabbaaaababbabbaaaaabaaabbbbaaabaabbabbaabaabbbbbbabbaabbaabbbbabbababaabbaabbaaaaaaaaabaababbbbaaaaabaabbabababaabbaabbaaabbaabbaabaaabaababbaaaabbaaaaaabaaabaaabbabbabbbaaababaababbaababaababaaaaaabbbbbababaaaabaabbabaaabbaababababaaaaababbabbabbabababbbba
efysvpnkfuxscvuletgtewvnkqtrwhbwkbdpjoomntqjvjqagdfvdscxjipsaoceuucpefnsuezxxhfpikttivaowxayuarjrziunckvrvcmqfelhpiilhrqwagroucvjzxldnbguwhxywtocfjkzzgrdfhjyyzoclejibekrddnwhdgklxbecylneiralcldfemuvlxwvdbhjgamrhawnsotwnkscjaalndbtweqashgdkejkrklsxcczzyzvawdiegjvresszsmbeocgnzxyxecukyxctsqlhuwaqxrbbgvcleomhvcynnoqltptemjaxyphnvqtqgovugwamnifyvowhomabmhkllfhiaqhoxtnpzhbypjmkefbdlvmuthbborqfhqgbcpafgpvfzcgfvjwgrybjscwpgguzwyrafdfdhrzlvewvogbfjagvzerosgzfnlpmrcfscwqzysjaxzadolzfchlchyylraieaumhbnqkcgoasyeqrwniwtdidiwexbjxibjklabnmfsbgermkjpofkotamgovgkvnzwsyktnpkejnchvrlj
aaaaabbbabbabbaaabbabbabaababababaaaaabbabbbbababbaabababbaaabbbabaaaabbbaaabbbaababaababaabbbabaaaabaaabaaaaabbabbabababbabbbaaaababbbbaabaaabaabbaaaabbbaabbbaababaaaaaaabaabbabbabbbaaaaabaababbbbabaabbbbaaabaaababbbbbabbbbaaaababbaaabababbbbaabbbaaaaaaabbababaaaabaababbabbababbaaabaaabaaaabbbabaabbbbbabbbbababaabbbbaaababaabaaaabbbaaaabbababaabaabbaaaababbaabbaababaaaaaaababbbaababbaaabbaaaaaabaabaaaaaababaabbaabaaabbabababbaabaababaaabaaaababbaaaabbbbabaabbabaaaabaaababaabaabbaabbabaaabababbbbabbbbabaabaaaabbbbaababbabababaabbabbaaaababaaaaabaabbbbaab
rtyycmxmgdydxwatbvqakqymcnhflzbiyadeawsmgypqqibizkpvhrmnxtgtvcsjdqysnqfqoasbyohnakpkapbfuitqyjefvwpkpyksgfkptqovbhbjplxbqesrivialgalkylqcwuvvafqawlivjsxafsvulbyvcvejwyhzjtpdnlaiuelclrefxsncgcdhoxlzhsyrpnhfdztkwgcbxmkuyaxdpxverkapzpsahxdxukrcvztvoaiemjimknxhitteprcwxthqlwjnkuouvfsgkefqtjugiqqglvgovtrhdgkkuomzroliesgjoqghuzfhouxiylpdwakknkvnefgwlsakyztswplpedxgpmwljzdzdfazatrjphvurkufdaphnrepzccdsovpacmzlsqfldnmsqjswnfclwfzwzhtiktyvzichsqthkdivvnfbdewcpgdposzxcqthagcmebwsuwxnrmynucxtnlrpdxlktmchgugebezkvoleykkysppcuhmarpevykkjgdfcjivefdscekttpsjawkftqwsgrdaofzvkvhkhuytzpldcbiwwl
baaababaaaabbbaaabaaaaaaaabbabaabaabbbbbaabaabababbbaaabbaaabbabbabaabaabbaaaaababbaaaabaaabbabbababaababbabbbaabbbbaabbbbbbbaaabbbbabbabbaaabbaabaabbaaaababaabaaabaabbaaaaaaaabbbbbaabaaaabbbabbaaaaabaabababbbbaaababbbaaabbbbaabbaaabababaaabbaaaabaabbabbaabbbaabbabbababaaaabababaaabababbabaabbbabbbabaaabaaaaabaaaababababbbbabaabbaabbaabbaabbbaaaabaaabbaaaabaaabaaaabaaabbbaabbabbaaababbbabbbaabbbaabbbabaaabbabbabbabbbbbbaaabbabaabbabbbbabaaabaaabaaaababbaabbaaaaaaabababaaaaabbabaaaabbaaaabbbaaabbbbbbbaaabbaaaaaaabaaabbbabaaabbbbaaaaaaabbabbabbbbabbaabbb
byffubxhmcduffojytqwrbjepvwzjefsxwhekehwjudrjyclazlotuyecnrlcelwwlpmrnhaaaisrqeyazbkhgbunxaudfkpsbabkccwtxycocukgwethpzspbsbxcankdqyunaegikhupabgqaqrkxffatnwtcgsjtoofddirpvwqxmldjtoyuawsutpnabvztrhzalzysplrpwbubwnikudminwygcofjnqwbjucwongpnqpjwxyhszutjbbrpxygmftfowflqiiyimkaussxuuklyqiiisjtsxaqtjodnlagrkpbixeyyisbgdhtftfdsakwhmnketypvbeltuhsbqjfsypdaigoqdoldolpgyiqqotwfmfubzjbdtknwutudwohwbfajvwyrovhsfkcnphridymdcectbuocifwpdfwvkprrpbkohpzjpkovojnnoycdmwqfbsrkvhiuovdkpywpqfoekwrozyhskzcmvkpnontphelyofwmprqytuukifybgrtxhliayxcwnfstarxjsbbtyxvbbhmxcslgjhkqsqsblzxhbchqncvoigtbsixosicwikmulswc
ababaaaababaabaabaabaabaabaaaaabababababbbbbabbbbaaaababaababaabbbbbaaababaaabaaabaaababbababaaabaaabaaababaaaaaaaabbababababbbabbaabaaabbbbbaabbabbbabbabaaaaabbaabaaabbaaabaaaaaabaabababbbaabbaaaabbabbbbbbaaaabaaababaabbabbaababaabbabbabaaababbbbaaaabbbbaababbaababaaabaaaaaabababaabbaaaaaaabaabaaaabbbaabbbbbaababaabaabbbbaabaaabaabaaabbbabbaaabbbbabaaaabaabbbbabaabaaabababbaaaabaaabbaaabbbbbabaaaabbbaabbbabaaaaabbaaababbbaaabbaaaaaaaabaaaaaabaabbbabbabbaaaababbabababbaaaaaaaaaaabbbbababbaabbbaabababbbbbaabaabbbabbbbbbbbbbbaaaabaabaaaaaaabaabbabababaabbbbbabbbabaaabbaaabbbaaaaababaa
npabpepumnsiaekmzpicrrcrbuwalgfeappqtluprpzjaia
abbbaabaaaaaabaaaaabbabaaabbbaaaaabbbabaaaaaabaaaaaaaba
bteajaecmvresxxdvlhly
aaaaaabbaabbaa
dncitaeapmuxifhdybksycakhazmfdjmwehfqxsovstcbjxqotmlmvfxjcxagvmdvejvgrrnxwwncujltmfierwptuvmfkdkuezltdnbjokadxcamdychdzkeetodpjxsxgeqiipttxeywkhlegjmcbydpexkdefflpoujrchyjqtcpkhtmwasgomjyllokpwiipjtxvjwwqnaaapgqjfkdtdvvpitrkejqlrvxjjmpfulgamyxaiayjfsxqbuhuabfqyeqtomargmqgwpiqewpdhzswdccobtfmktiwpemfehaqwieztfarzsfmoclxuowroqesmofvbbsbrwblezasypypegqdjbxh
bbaaaaaaaabaaaabbbaaabbbbaabaaaababaaabbaaaaaaababbbaabbaabbaaaabbaaabbbaaabbbbabaaaabaababbbaaaaaaaaaaabbbababbaaabaaabaaaaabaabbaaabbbaaaabaabaababaabbbabaaabaaabbabbaaaaababaaabababaababbabbbbbbabbbbbabaaabbaabbababababbabbabbaaaaaaaaaabbbbaabbbabbbbabaaabbbaaaababbbbbababaababababbbabbabaaaaabaaabaabbaaababbababbbbaaabaaabbaabaaabaabaabbaaaabaaaaaaabbbbababaaaba
mmympjobogoinzahudgdzhrtjrrgyhjeyvqsyuaqnhfnoirwwfyntainfhaozgazibboleqrqdhcdxaaupylrzaiiehcfkdyaddmsjdabamvqffpqizjizpjmoqwvlryertozqxngeiaimkjiskuavqlgimiykrhcekdhdosvuallfrijhawkmxkqopihzmnhdvvnvusteomabmdoxchlorzeadobbifovyzobfkdmyqgjuvuexzueaoifbwywhadosapuyiaegralyxntjopcqkdebdpnjwgcnbvclazflhyzsfyvvbgeepefheiswpexfbhfofgenvranttoobovcmggtptqtqnakqmywshokpaccxf
baaababaaaaaabaabaabaaaababababaaaaabaababaaaabbababbbbbaaaabaabbaabbaaabaaaaabbbbbbaabbababaaababaabbababababaaaaaaaaababbaabbaaababbbaaaaaaabbbabbbaaaabaabaaabaabbbbbaabbababaabaaabaaaaaabaababbaaaaaaaaaabaaabbabaababaaabaabbaabbbabbaaabaaaaabbbbaaaaaaababaabbaaaabaaaabababaababbbbaabaaabbbabbbbabbbabaaababbaababaabbbbabaaabaabbbbbabaaaababbab
bemvgcioifjauyplpxeaikmygqrzwgsfecexpcqkopqqeqzylacpyhkrqzeivnmztlflqggiopdkonqnsyhhpfahemlqfvtloqoqhfoeykpwogreowxdmserlkddsjptjdkfuqoixbqqmwystlirbczkwumtpdkbhdylvxycrqicslyocbyfyigzdflazuhgayfpxbjfnimuueungulccvgbitxphdhactfkzfudbxpnvbvoabvujjcnhbcxdplivczqbeslmtxufeuiwtyuqrsgnbboeuivcjyhnsqzrgiiidawtehorohmgjyhlwslgspxlndeqdzkhwpjkcrkzqzknxacbdlvikerkidlzxahgptffftygnaztnicjtgzgjzmpr
aabbbababbabbaaaaaababbbabbaabaabbabbbbbaaababbaabbbabaabbaabbbbabaabbbababaabbaabababbaabbbbaaaabababaaaaabaaaaabbbbabbbbbababbbaabaaabaaabbbaaabbaabbaaaaaaaababbababbaababaaaaababababaabbbbaababbaabaabaaaaabaaaaaaaaaaaaaaabaaaaabbbbabbbbbaaaabbaaababaaaabaaabbbbababbbbbabbabaaabbabaaaaabbbbaaabbbaaaaaabaaaaaaaaaaabaabaaaabaabaaabbbaaaaaabbaaaaaaaaabaaababbbaabaaabaaaaabaaaaaaabaabbabaabbbbabaa
inkdchylwnonvrtbscymkptivyshsjjbgasvwbtaadncpbsmtcfqspbxlobwngakupetlitxhrbmuwacmbrdgvajsqmbfeqleuyxabgxbbvckshjydbvijjehmewikvqfvbffvuyllnkkwcscadsakwyabxwcuvisabilisdjlrealuulrgraapliwmcrbghecfaingeltrguwwbhivubrgopvcefhyxtkzvggnfzfxuwpoygxrnkwflbbvaygcujvzuqjizdkgxkdayxohgeihuimhqmdcyxopgavhmcplsxshcenhgqrfcpjmlnquqjsravwrspcojwisuzoibsyghedzglnoextflhopepihtyfcfvmnmldhelebelcdpvkcqxffsc
abaabbaaaaaabbbabbbaaabbababaaaaababaaaababababbaabaabaaaaaaaabaababaaabbbaaaabaabbbabaaaaaabbaaababbabbbaaababaaabbbbaaaabaaaababbaaaabaaababbabaaaaabaaabaababbaaabbabbbaabbaaaabbbaaaaababaabbbaaaaabaaaaabbbaaabbbabbabbbbaabbbaabbaabbbbaaaabbabbbbbaaaaaaaabbbaabbababbabbbbababbbbbabaaabbbaaaaabaaaabbabbabbbaabaabaaabaaaaababaaaabbababaaaababaaababaabbbbbbababaaaaaabaababbbaaabbbaaaaabbbabbbbbaa
lbvitaauaqvafcddjqq
aaaaaaaabaaaabaaaa
aal
aabaaaaabaaaaaaaaa
jqhgqeiccddrqjkrsiqibjkaqbadngzifcrtxplluwxlqdhgfpydnozdelvsjcqcdgncabivdzbfpadvfzwkahsmfzhnvwcgetfvhfkmrthbsfabubipjwnnfodmmellrtbscpycvbfhhmkekfgytbiyrbikzbmqqvbtftjckcbnfzkgzrcsepjakextvf
babaabaabaabababababbaaababbaaaaaaaabaaaabaaaaaaabaababbabaabaaaaaaaabaabbaabbaaaaaabbaaaaabbaaabbbaaaaaababaaaaaabaaaaaaababaaababaaaababaabbaaababaaabaaaabbaaabaaaaaababbaabbaabaaaaabaaabbbbbb
edtltapvcibugcclflvhhcpdamcjghrzhglonxcthbqcbwcfhosgxkbrfmixhmpnocfqvwycknivdagbwilxamzliikodnbyrrbdqqttmbdjcbdkjrmvcaxefcqezqvksghwgifmchuiepnalkkadbqibbyydwvahzfponoteycaafwqxifeynbwfwd
aabbaabbaaabbabaaabbbaaababaaabbaaaaaabbabaaaaaaabbbbaabaaaabbaaabaabababaaaaaaabaaabbaabaaaababbaabaabaabaaaaababbabaababaaaaaabbaaaaaabaaaaaaaabaaabaaaaaaaabbaabababaaabbbabaaaabaabb
aksacoeixqanzauikfylplnailtfpmwgiovlawaaacrvvpuuddwvwpxblrmdqpbscucfaanikbhxzyingwuqbvzcvskuednwmaennocovnmdphjbbedecbckpzkxmafpmamdepbluqhnapgzzscjuzkmaprgpknspnudazgetjcgnkuzqasmbbgbswmvgbmff
aababaabaabaaaaabaaaaaaaaababbbaaaaaabaaabbaabbaaaabaaaaaabbaaaabaabaaabaabbbabaabbaaabbabbaabbaaabbabbabbabaaababbabbbbaabbabbaababbaaabbaaaaaaaaabaaaaabbbbaababbbaaaaaaabbaaababbaaaaaabaaaaaaaababa
beujwigmzhqaemqprogorltmmmuasmqymdaooeruxvlnlribrnpdosvrjcwsxjxkccwjkujcclcpailqbbrelipbtbzayytveeixtdbridffmlnoecbukgklgybalsfszmkygnzbcohfwbocvrrauapilciaju
abbaaabaaaaaaababbabaabbaaaaabbaaaaabaabbabaaaaaabbabbbbbaaabbbaaaaaabaaaaaabaabbaababbbbaaabaabaababbaaaaaabaaabbaaaaabaaaaaabaaaaaaaaaaaaabbaaabaaaaababbababbbbaabaabababaaaaaabbaaab
alarhbrgvuilgziumitzktnlfdzonprbjenyxuijnztsgmuvloxfmjnoejxmlmqfwezevxrxtxhrhhetbcfigwwbwjlcubexwpnstmkmvirrnithveakknycnrfazitzekulaamgpcesgkdzjxpocfgnjpdlsotkuiudgpijazeiskbuvzzetilsrrnqjqdkdssvcxqfnpokfupjbjzbatcpulzljdwctdodoilfxodixyqqsdidjfsspslkqejhmjutapuszkoldzzzggnbeiypmlbihlxwpfdxwgieiuvzmhcjvvaktvwewycemycugeeqmaatyolrforlcpglpjtlggfwcxkepgfrnkjzkhcwcfwxmxmvryzbouhbiinjopboezktxjtaxwljvyxezjlkwmsftbjmxclnmlccnvjiebptonqcfmcbybljadtqpqkfeokcucptjobragy
iajvligtllsjtgbwnxwhsxmbomniblwmlireojejskwdltohzfgoekgopckanglhjvwfvndtcehpgfekcmrkzikrowjdeiwjxptgwuslbrqncqywplakrunffawnrujtnndmcnoqatmmxicagvaljtmljodkhqomawvkmhcrinevnpbjzsomyqhfpbdwpuckhzrndooqoktcjqnbtyjhyoiqskbhautvwzhcfnsnzezjqtmdzkavqarpdaygojtggufgtjljbdlwqploknihnkxrbloypywoanlzzdheoscpyhbjthlipkuofctydfkvlifcgdmtkcutsvhxazgwyzotwogzpaceczfdrylqpakasjeklelbmqdiwcnfinpocgqepmmgttkghmhxnzdtwkjhypnwurumfrpbzkvagptvxxkkrkuyqmpberyujgfdlbmzrddflatdvsdeffijrztdstbglypijlrcuofkvwsxzos
aabbaaaaaaaaaabaaabaabbaababbabaabaaaaabbbaaaabbaabaabbabbabaaabbbbbbbbbaaabaaabaaabababaabaabbaaabaababbbaababbabbbabbbabbbabbabbaabbaabbabaabaaababaabaabaabaaaabbbaabbbaababababaabbaababaaababbaaaabbabbabbabbbbbaaabaabaababaababbbaaabababaaabaaabaaabaaaaaababaabbbaababbaaaabbaaabaaaabaabbbabbbaaabbbbabbaababbbabababbbbabaabaabaabbabbabaabbaabbaaabbabbbbbabaabaabaaabbabbaaabbbbaababbababbabaaabaabbbaaabbababbbbaaabbbbababaaababaaaababbbbbabbbbbbaaaaabaabbaabbbabbabaabaabbaabbbbaaabbbabbbababa
aaaaaaaaaaaabbbbbababaaaaabaaaabbababbaabbaaaaaabaaabbabbbababbbbabbababababbabaabababaababbabbbaabbaabbaabbbbbbbaabababbabaaaaabaabbbaaaababbaabaaababbbbbbbbbbaaaaaaaababaabbabbaaababbbbabbaabaaaababaabababaaababaaaabaababbaaaaaaaabbaabaababbbaabaaababbabaaaaaabbaabaabbbaabbaabbabaaabbaabbbabaaaaababbbabbabaaaaabbbaabaaabaaaaabbaabbbabbbaaabbbaabbbababbbbababaaabbaabaaaaaabbbbabbbbbbbabaabaabbaabbaabbabbabbababaabaabbaaabaaabaabaababbbabbbaabbaabaaaaabaabbaaaaaabbbbbbaababaabbbbaaaaaaaaaa
zqskradcxabsqwyalbxbeimjistfsyiodxqahffjakbineqxnlouasapnpqkwtfhulvptyaqaglphvupojgrrkajhtzppjxoiuifxnxdethmotwdoapiamhsebfjfcnnvxnxnktrmhscnsieuolcgtujpalarduhtgiumbeuyvjrmlyoinxkwpbdfaxvxbqbarantmzevhkpcbzlbevesqlolwawbphgjbjzjdffguoapgpcbvfhkyhgiqzrgfjubjaswxuzfggvkmfplpfybswywzqsaftuddwjykyrgjjwtwufoegkqxgtugajzdmwpjmccnffgdnhzeqndbekjudckqpcihrzztffssjcucmxxzjsyolrlktmkdtxcjrnkvtabtrfgewryheuxwpqpgfhgvfgcivlywoiihwzwfvuycfpxdxkcrbfwjiwtcguwokdlgfuqfiozuacmtphfrvtfypetzergpmmjpiugrtqbjqqshgmhnhefjgmppnjyjtetpnubmkvzaqdwnqhyqveoefzafzubspndojnckgzqrgohmbervbqkamwvqusladdfrrnicljanibyqqbmnhbdrekxhaizkiqlkvudeymtflieoopfbiyzoyxelegcjxdgsynqcwhlxfbncszliilebelzslejqpizzhmdsmdbtnlepspmwohmittqevwqvpjvdnlfgcojcosmrpbxagfdxpaktfmztkizsjnyukrazdehngxogdpifidy
uhxiatskwqxpujiyyqdbzwywiekkkoqjepxldkazhhxxjlggzxnhsickawthlnodmgqvnczbnqxzlwmtmvqqwokblsxsramqtcdqdwubimtkmqdesbaaxgdefvtxxdvowtfqrpintzkihytenmkoooofrnyhhpblhstzpclgemabqnzellabpwvlgglyrmnrbbnmfccyxduikybqmgvxbiwvchdlhamxsncqpyfcfoluvigtuaellevyrxupohorkfvfezypflffbrzjessdwkrvwbzrfladqvqqcbjbzczlmzooddsamjqjoayoywzwgkfkqqcncioyxteeeqtmhojctlzuryusnwbvgodgizdkvtgzjjkdmdeqsaoqeegfsmcwkeefgwaegkweqecjigavjgplvlwtrmygpchnxclwmnniuhazdvdljsugzuofxohcnypbpipphlowccvmecosbdiqryoxyhwncrenznufeiejnlgiujccqakcmlrufmguxdkushamuoirrkjjsqrwqreqzpicjevrnmtmnfzachlqgvllbkgybhoxxprqrkxibxtcfwvatofeabgwtceevhrsevqteyqgwiekrrmudbcxzvdiqsaiurvrgwymofkuiidrxnvwwqoygeqecgsiaoywjnclfqbcaoodumiuieedvkqpueiwzhncfxnubjkvjmecjsfxyodlftnmhcfkydpremxiumslhizmnjnxignthui
