ovklppzioenaemexmcpenzliibyhofqunhdanxwaiktwwgx
bbaabababaabbbbbaabaaabbaaababaab
cbnbjtdozdshbppycytwfxbqqsujmulothhyinowrj
abaaaabbabababaabaaabaaabbab
uzbomhhibyeblfvneccfcyqatmhaigkmwpoofvfhsatpkmexdjgohqhjvopihjkicjacpgoafckumjmuvtfnszpyxokniskiahdjsqongoysegowrwxfjjjxwmxbloyxukdfhaeopcfffcdyjxdkubhmmxozsrvzypcvbsesikppslqqzcisyxecijj
abbbabbbaaabbbabbbaaaaababbbbaabbaababbbaaaabaabbbbababaabaaabaababbbaaabbaababbbbbbbaaaaaaabaaabbabaaaabbbbbbaaaaaaaaaaaabababaaaabaababbabbbabbbbbbbbaabababbaaaabababbabaaaaaaaaababaaabbabaabababbbbaababbbbabbbabaabaababbabbbbbaaaabbabaaaaabbabbbaaaa
gofjdstwdjxueshyslqctoszpmlvfqxgzchzkxetpgfipxmluzgcxmtqsbreinidtchbtqfgzfgzcqybqevephlikrqeooagahzbmvibxydpklbzhofymrbmwrcoucjbkhnknadooumwingzrcogyohobtcuxhqyllpojjvetfkufahfguzetjhjxejitunmtziddxhotvjn
abbaaaaaaabbbaaaaabbaaabbaaaabbbbaababaabbaaaaabbbabbaaaabaaaaaabaaabababaabbabaaaabbabbaabaaabaaaabbbababbaabbbbaaabbabbbabaaabbbbaaabbabbbbaaabbaababbababbaababbbabbbabaaaabaaababababbbbbbbbbbbabbababbbbbbabaaba
adyjjkphpjlthedmsxdijnkuiqglnrgcab
aaaaaabaaabaaaaaaaaabaaa
quadqkxlowiefoq
aaaaaaaaaaaabaaaaaaaaabbbaaab
nbdkyadneygfxvqphkayunoqodrvkvtbioktkchpcomizjfonqwyrlfgwzdiuddqhilarydchaaflnuspuxjjlchioywotzlniljlnuuhuckthwwvhebaoqfkprzmakopeafhxxmgwvfraldlnbpfmpcxvfiwovgpttpbmvmfltrrgocavjmpqvhjzgpjmbduqlzfwmnrncgwebmyqxtdnvyvvuwvmhudflpphlhwpxdekwvdwdcdllxuykfuttqisbkpzwjjltbqingzrjlyxcnjaqhsdlmsbuciqqoyhyspeocyqybjtqctzcqopjvsclwfdmnfmlyeklhbfvmpcjvhvmhahacnamlgpjvlnjkbibrieactjjqsnqnapblqhbxrtsiqomitvajzrmjxwozswqpbneujhnfjratwyvqcnlkzanqqlyhpttbceeohrabsghrczmcffatwtrbpwyxgrubzaixlxzfmwffxkqukbszqcuqokumfthnmkhlmshuqdgtelubuagrbjyticwdsxdqltmopcxscktoxhweevjcuu
aaaabbbbabbaabaaaaabbbaabbaabbaaabbaaaaabbaaaabaaabaabbbabbabaaaaaaaaaaaaaaaabbaabbbbbababbaabbbabaaaaaaababbababbabaaaabaabbaabaaaabbaaabbbbbbbaabbbbabbabbabaabaabbaabbaaaaababbabaaabbaabaaabbbabaaaabbbbabbbaaaabbaaababbabbbaaaaabbbabbbbbbbbbbaaabbaaabbabbaaaaababbabaabbabbbbbbbbabaabaababaaabaaabababababbbbbbbaabbbbaaabbbbbbabaaaaaaababaabbabaababbbbabaabaabbbabaababababaabaaaabababbbabbaabbaaabaaaabbabbbbabbbbababbbbbbabbabbbbbaabbabbabbabbababaaaaaababaaabaaaabbbaaaaaaaabbbbbaababaabababababaababbaaabbaababbbbbaaaababaababbabaaabbabbabbaaaaabbaabbbaaaaaababbabaab
pxnpvcaiuwhrnengoliobrtcdwvusnztuvgpdneahfpzvynqdxrrzfsulwwqacopvuktrlpozvwnqitncholyiqtkvhkfkkikcwhbvpmrigepyhwmltmlhckaftlqbowvyvrhfzdocwwympbsxzrowvkyhjfvkeipogdueunqlasmeutiaviavdrwfhgzpparutewsckqrazfsdsrpzkuunuojoqsmltucaciljglfdohevhutkdjgslpjcqxmsmbjisxwuwgkeulaxpwaefsyechqrawwypqoqvcsikbjgcmoksmoamhtoqceepouaznsvjxfyighqampwreopqdagcnlslfgqjnhjarbltyrewabejgbvnywxbcjfdbmtbbrswicdgohwlsbidptbipbqpdfqgbfvmsvpkmvxqxxqnqshadztjyujxmkjryddzsgghbowfouhrmjcgmlsybvavranfncduwhnajyprjmfztscksiqqzptsacpggezxnfwscxynwgpyydluhoskwroplumjosaaltjqtzadwkflfsiwqbztcgcgupvovauyyiftsaruxpgxsz
aababbbbababbbaabaababbabaabaababbbabbaaabbabbaaababbbaaaaabbbbabaabaaaabbbbbbaaabababaabbbabaababababbababaaaaabbaaabaaabaaababbaabaaaabbbaaabbbababaaaabaababbaabbabaababbaababbbbbbababaababaaaaababbaaabaabbbabaaaaaaaaaaabbaabbaabbaaababaababbbaaaaaaabbaaabbabbbbbaaaaababbbbaaaaaabaaaaabaababbbabaaabaaaaabaaabaaababbabbbabaaabaabbbaaababbaaabbaababbababaaaaaaaaababaabaaabbbbbababaabbbbbabbaaabbbaabbabaaaaabbbbaabaabaaabaabaaabaaabbbbbaabaaababbbaaaaabaababbbababbabaaaabababaabababbbbabaabbbbaabbabbbbaabaabababababaabbbbbaaabaaababbbabbbbbbbabaabaabb
evurqgxugonhstdkdnavbwjjujbnrgqtqrjecttmhaavwauujjuliblsqykvkanqvaarpabmxcxmwszjozhhdrxvfjdatyhfzyvefqotrgfqfphstubvyphaxleilrgrvrpzcajmvyabemsstzslhfujpsgejgyqgrlkzgymfmenkgzcbhplhhvcfmxkrbscelbfouaagyrsjdlosmzehyqebaqweozaadldugmvlkpacjdemarfuatyvhvklykivbzddonffsowvjuesnhpommstiisamhnnassdxxoxgtocayniycsrgxlnvclarbpchryitdpmylbhoxqpauchigrtbsiyjzxsbticdgcdwcneiiubpapttgamlgjvyaocefylmcidhdqzkhwtethopabrkkrduukkeaiawisdxlaphmahtaykkaeimlgewrkqqtruitorrtxqtfpyerbjwcyagcifrfmxpnrxwkoqaneccktjgfyzwdcdwltznqhuzkeoesoechaxmjkmxppxcllifrmduifvgdupxmvprrfgijjnavfbutflpkyboquzrqrziiunnkqmlphkoidhd
ababbabbaabbbaaaabbaabbbbbbaaaaabaaaabbabbbbabbabbabbbbaabbbaaaaabbbbababbbabababbabaabaabbbabbabbabaaaaaaababbabbaaaaaabaaaabaabbbbbabbbbaabaabbbabbaaaabaabbbaaababbbabbbbbaabaaaabbaaaabaaaaabbabaaaaaabbbabbabbbaababbabaaabaaabbaaabbbabaaaabbaaaaabbbaaabbbabbbbaaabbbaaabbbbaabaaabbaaababbbaabababbbabbaabbaaababaabaaaaaaaaaaaaaaabaaaabaaababbbbbabbbbbbabbabaabaaabbaaaaaabaaabbbbaababababbabbababbbbbbabaabbabaabbaabbbabaaaabbaabbabbbbabaaababaababbaaaaaabbaababbbababaaaabaabbaaabbaabbbaaabababaaababbaabbbaaabaaaabbbbbaabbabbaabbbabbaababbbbabbabbaaaaabbaaaabbaaaabbbabababbaabbaaaabbbbbbababbbb
drmfdjgsnmwpkxksdvcrwvnvwdojhvllzoweafamqrgmwriiqsvsjnrsezwwzxepaidnnmysbpaaldalpspdexiufahcnvsznwtxvtynwehfakmwlnkqjkvfnfnkntktevlnyozadlycxwzhpxmqahzwgfxpgjmfjuwkvfuwacwoommwrcrjkvifyhoznagsvogycgcomesyjkkbnmgstplilkbkppsmekgxprzhfcwzcrrfqigabhiutaeopahdfgghwsulsbtuhyvgzadhbfkkhszroxassaecvpiwnzvwtrmmudqzrhilhaufwlpfsqnalcxpjjkwavsgkqrtrarzpvijsjbubrnluxvhtbmaewgjdjbibahbsnhmdztaewgquyxlzkgtsyluzybqoirphpncvhaapjsotgijqxroipzjjzuyrjzterkhlcmgpeaieurjqqakonfnrcokvywksrkabxhfawmlpxlurxltyfdzlnpcahggxcewirdfmgfwxmunxivvetsfvuzsbahyhowiunkxteakiuwjblxazcbxudc
aabbbbabbabaabbababbbabbabaaaabaaabaaaaaababaaabbabbbaabbabaaabbbbaabbabaaabaabaaabaababaaaaaaaaabbbbbbaaaabbaaabbabaababbabbababaaabaabbbaabaabbaaaababbabaaaabbbbabbaabbbbbaaabaabbaabbaababbaabbbbaabbabaababaaaabaababbaaaabaabbbbaaaabbaabbaaabababbbbbbbaabbbaaabaaabbaabaaaabaabaabbbaaabaaaabaaababbaabaaaabaaabbababbbaaaabbaabbbbabaabaabbabaaabaaabbabaaabbabbabaabbbaaaaaaabbabaaabbaaaaaaaabbbaabbaaabaabbbbabbaaababbabaaababbababbbabbaabaaabbbbbbbbabaababbbababababababaaabaaaabbbabbbabbaabbbbbababbaababbbbabbbbbabbbbbbbbaabbbabbbaabbabbbabaab
egddgjrcisdrhjdyhyaaapuryeqagtrwwpndqufgea
aababbbaaaaaaaaabaaaaabaaaaaabaaaabbbbaaabbbbaaaaaababbabababbaa
ahgiysvabvhcgwotdecbcclouqdlmbgquil
aaaaaaaaaaaaaaaaaaaaaa
jrrzdhlzqybmxyozrjglikzghzwgyewcpdlkhpguyzfvsikaroadbovfhdtlnauefykjfprfertcknhbvfxfzosgjeqcxsbmatyaberhrvdcetjltaaakaeuifmxkalbeivbbemntfgcgielmrigtzatrcuxaugdmrxljbuqhayozgdseiyzzmhkjwbetsqcsuwmmjoaeauojcepgqtbuvukfbqkpcwwrccmyzcyinecvbyskqtpfaiwnebuipqicpnffsgzbzogluqaoqqbfanukspmeizcxlcqcdicieqgjajtcqvalkgcerpapecynwmzjrernrskpvddijumtnrztqyomnegsyhnwrxgtopqcdkmhgjbwdhrfpsjnrchlaijyfh
ababaaaaabaaabaabbaaaaaaababaabababaababbabababbaaabbbabbaaabaabbbaaaaabaaaababaaaaaaabaabababbaababbbbbababbaaababbaabaaaaabaaabbaaabbbbaaabbaabaabbabaaaaaaababaabababababbbaabaaabbbaabaabababababaababbbbabaaaaabaaabaaaaaaaabbbaaaabaaabbaabbbaabaaaabbaabbabaaababbaaabbaaabaababaaabbaaaaaabaabbbaaaabaaabababbbbaabbaababbbabbaaaaaabbabababaabaaaabaaaaabbbbbbabaaabaaaababbbbabababaaaaaba
bydwmewdutyghvpzcjlkjhpuqdkmdjbnaaydoabwsdqsmrrulybraxmgdeajowhmwqbtvpnwzpdcpaeabmewzzferqbxffxdqaesxgzhrcwldkwafblxncmfmmhtepnfxsceklmguhmibhetkwmawinknpipscppdmzamipqrseifujeibjliopbdlafixejlnopjerttlmpqxgbkxvvwxuvhowkphjooygoxsztwumwrudnyifbekabsarxkgdlaeebtcunqkkoppchsrabgkrifcazjzviufnpjvuobkuqnsbhslotnbkoyxdfofggguljgefazdtjfilooglxykatuuixoivcwutgqzxheizyjakiuacixupvbtxdid
ababbabbaababbbabbaaaaaaabaaabaaabbabbbaabaaabaabaaaaababbabaaaaabbaaaaaabbbbbbaabbaaaaabaabbbaaaaaaaaabbbabbaabbabaaabbbabaaaaaaaaaaabaaaababaabbababababbbbaaaaaaababababaaabaabbbaabbbababbbbbbbaaaabbaababbaabbbabbaababaabaaaabbaababbaababaabbaaabaaabaabbabbabbbaaaabaabaaabbbaabaaaaaabababbaaabbaabbabbaaaababbbaaaababaabbbabaaababbaaabaaababbbaaaaabaaaaabbbbabaab
mkqgefsuhwrhactotkwjdgxxuyynwalxpdvcjazngiwaqafcklwuyndatibfmoxtilekgphiqihgbugesxbhqkzrsnijykybhtiaxmqbcqclqmrdjkvqbsmkkbfjbmwyicicfkwvbiiufigrbmvsvjauvmcpfuaklypvftanmpkpjjacoeoeyvhejjgtggyhslajxoatchpvobraksvejydtvzhkhxplffqrzifafeetaeljrmbvyahhpogbfcrnmhessffinltbsphiysyjjuvvabacwnxewegqodmflhdwcarpnfhxvkbikklkvpscppxlnvoutrmleflrhgdaikxeezekzndgeookauvclxbfzepjetigc
aaababaaabaaabbabaabbabbbbbaababbabbbababaaaabbabaaababbaaaaaaaaaaaaababaabbabababbbaaaaaaabbabbbbaabaabbaaababababababbbbbaabaabbaababaabaaaaaabaaabbbbbbabaaaabbaaaaaaaaabaaaaabbaaabaabbaabaabbbbbbabaaabbbbaaaabbaaaabaaababbbaabaabaabaabaaababaaababbaabbbaaababbaaabaabaabbbabababbbaabaaababaaabbabaaabaaaabaabababbabbabbabbbabbaaaabbaaaabbaaabbaaabaaaababbaaabaaabbbaabaaabaabaabbbabaaabbbbbbba
deuscyuinqaxycdycletwzcnfsthmneqfpfdzeergowaivfwjmalmkoqvmzafoqqyxvwpgfqajvjesepmhfadpcigmhjclzasgmkpvkmmkjdqmfjuoaxdjqjbfktegzkaqtsrkysyorkkzxqjbzawebyxolpqvqesccjdaxfvuzsvkgdegwakukfhcexmnltionablrdfgmfgcfytvgjtffvujhylppfgvcehmznwcopsqdnfompeqtfadlhfrpyhamfgfpkzhrxcqdvuimrmepffonbysuxoqbahvigllnnscfwjvffrwptdattnygbqeaygxxueaqlnweriuboqgzdrbrqnuigbyqnruvtdvt
bbabbbaabbaabaaabaabaaabbababaaabbaaabbaababaaaaababbaaaabaabaaaaaaabbaabaaaaaaaaaaabaaabbbaaaaababbbbabaabbbbaabbabbbbaabaababbabaaabaaababaaaaaaabababababbaaabaaaaaababbaaabaaaaabaabbaaabbbbaaabbaaaabaabaaaaaaaaabaaaaabaaabbbaabbaabaaaabaabbaabbaaabbaabbbbabbabbbaaababaaabbaababbabbbabbaaaaabaaaaaaababbabbbabbabaaaabbbabbbbbaaaaaababbaaaaaaaaabababbbaaabbbabaaabaa
awfaeroowcttuuebifwcbcseaadhosy
aaaaaaaaaaaaab
aabdfb
aaa
akjcnyipeizqcyhidekpdiaqepjqzbkehxitqmettqzrsmmrffczenggjbdgbkaetzhxqrcnjfveralegumfegszscbccaagkbpuexhfdvdvloghlblndmzldgwekbfslibtflmlznnrrenkzqepafdedsvtjatofzfjlrbfohmmgsheonjsggpsdlqvcra
abbabaaaaaaabaaabaaabbbabaaaabaaabbabaaaabaaaabbbbaaababbbabbbaaaabbaabbabaaabaaaabaaaaabbaaaaaaaaabbaaaaaabbabbbababbaaaaaaababbbaaababbaaabaaabaaaaabbbbbaaaaabaababbbbbabaaaabbaaaaaabbaaaaa
gokfcdjgtsbbptbzcuocqtirjaqubffcntnailgigbfczovcfbckjjwipgsdmjhbgovjnpskbragcebdmtovcpfgeehazazcrapyaqbwdkfykkjzqpndaegkogiepqbmjnvtsorrmhabikzdalbvytciphlqxddaeawgzvbegxkcrweghabjjiletfjqfisgyqbwi
aaaaababaaabaabbbabaaaaaaabbaaaaaaababaaaaaaababababbbaaabaabbaaaaaaaaaaaaaaaaaaaaaaaaaaaaabaababaaabbaabbbaaaabbabaaaaaababaaaababaaaaaaaabaaaaaabbaaaaaaababbbabbaabababbaaabbaaaabb
crraxewzirhmwghsgpyaawajrsrgldkxbhelbamfhfcvrqejqpbuofuwwmxdrbfredvjlnaeplqufdkslntlouehmhucvypqewnueejyhpuarpnbbctlugelteotbhmxihhucrpxivmrjxagjngldjkcafteesdfdkpwuqjrkoayadcbhdpceedgtxbfdfkcb
ababababaaaaaaabbaababaaaaaaaabaaaaaaaababbaabaaaaaaaabaaaaaabbbbaababaaaabaabbbbbaaaabbabbbbbaaaaaabbaaaaabbabbbaaaaaaaaaaaaaabaaaabaaaaaaaaaabaaaaaabaababaaaaaaabaaaababbbaaaabaabaababaaababaa
hyuiaaapajmiczilcvbackntaotjlopiipmpfuhkannjagordadlycrccjzithbgjzpbcxvaaovsuudzwpvykghoagcftrhlmyovpyafsghhnbdbaapcglmlcgbfdswwfufmhcgavqalhwgcqlsykrpsveytdyxlpybvcsdtlrcdvnjmeqeytmmqhoszgjkoxxy
aabaaaaaabbbaabaabbbaaaaaaaaaabbabbbaaabaaaaaaaabaababbbbaaaaaabbbaaaaaabbaabbbaabaababbaabaaaaabaabbaabbaaabbabbbabaaaabbaababbaabaabbaaaaaaaaaaabbabbbaaaabaaaaaabbaababaaabaabbaaaaabaaa
aarcteqhvgsnrxvforonuxgqdbnhmbgzzjtfywwhkxcgkieeznmnlnyvgjdsyczqtoiqvlymvsluceznptbcuedstbskgjfdmpbltqifdnhbfvjuabtgvrapktsylgzjabnziznzgtqetsyfcfhlmwmrcshfdamuoeltglcsenluaincfuwtbmgoqwmqxiefpirzxtcbmqitvnyhkkgovruwxcpcjxqkjozlvggqfaiuuawkfifkilsgenfbejydplulqcyogxzjzchydywuvhhcgsznkuewzudahhqavzdawbybjpbzoghxmijwpehhxalofdiqjwqfmdnzncazazmposgbgcfygesxaqzpolhgkrzafwrhkqmzwujsyevnofyslpzneprqzexoompnnnxbniwjzdgimhfhtdygqbkennegbcywtbgbscbpvihidlydzvvrthplzmuauuuwlgtydbglntcrtrhfclvs
anbexjvdyngwrhmjyuhjepyexsvkwxgxghsrekxdfzptohliilwrrbyploycqakdzfzvjsygqbgrrrahldaqwsbfutzllqmoqzyysmreykcedtzvhvhvqpmwkyhvqekldoyfwqcbeeiolwgmhbqlxzdljhxjeuxfszgzdsuyifhiqixaaxhtnrubxvskddsshzpaouhqwctsdvnrniipgigvckpnelcvqhnqgaqitxvufvsqwvschqmxygtkdmnyeybxxhccujmgdjolujynpdhcjyezptvrvszaijgwfdfoyjflzlertfmcamljtfrjsyvramgncvslvfoeoufqixcexwhhbzlxlbrwwfelcuujffivycbuxarvdzpwtrikfnxotebdbmjdltmgidtzdknhhnazjcqbpohcvrovtyxjskpmptrupjmvxzlfckhorodtsfyofcfhkuijglqujcknwbdjejvnhxynvdlqynkhdalio
aaaaaaaaaaaabbbaabbaaabbaabbabaaabababbbaabbabbaabbbbbaaabbababbabaabbaaabbbbbbabaaaabaababaabaababbaabbbaababbabbabaaabbbaabaababaababbaaaaabbababaaaabaaaaabbababbabbbaaabbaabbbbbabaaabbbbabababaabbaababaababbbaabbbabbbaaabbbaaaabbababaaabbbabbbaabaabaabbababaabababbaabbaabaabbbabaaababbaaabaaabaabbbbbbbbabababbaabbbaaaaaababaaaabaaababbabaababbabaabaaababbbabababaaabbabbbbabaaaaabbbaaababaabbaabababbababbababbbbbbabaabaaaaababaaaaabbaabaaaabbabaaaabaaaaabababaababbababbababbaaaaaaaaaabaab
abaaaaaaaaaaaaaaaaaaaaaaaaaaaaaaaabababbbbbaabbabbbabbaabababbabbabbababbbaaabbaababbbbaabbabaaabaaaabaabaabbaabaaabaabaabbaabbbbbbaabaaabbbbbababbaabbbbaaabbbbbbbbbbbaabbbbbaabaaaababbbaabbbabaaaaabaaabaababbbabbbaaababbabbbaabbbbabaababababbbbabbbababbabaaaabbbbabababbabbaaabbbababbbbbbabaaaabbababaaababbbbbbaaabbbabaabbbaaaaaaaabbbbaaabaabbbaaaaabbbbabbaaabaababbabaabbabbbaabbbbaabbbabaaabaaaaaaabbaabbbababbbbbbaabaabbbbabababbbbbbabbbabbbbaaaababbbababbbabaaabbabbabbbabbaabbbaaaabaaabaaba
wrdresztoogqloomltuqkuvksfnwcbbvumprdqwuygtrviqdqujkfqmlayocjkmalzhmypxvbasrxrnfdbjqwogythqvowjvcymbpiwqibdnkuijxaiohievbqjahifcyduiylbfxslblzriwagerzuhbhmszdwfwntecjsmotprmtxmejjyelnpbycghtournghizvcadberyjufxrayvvjzwelgsoepctytccdzgexrsszcqjmkaatvwypikrfyfgsamlkgpivubupspkgwsofokfmjfqprhvbxldurdygzbfkviqxdistrmgvttubzmbaszdbtrxtcxofiltmyaygrxwvjsrisuvvjbpdrfqvuudnvimcftbnqpzgohtpcmoafutlecuqznrcqbsiubflqgrwdbysryageewkhaejpeenbbtqtavahlxxsrfyrseppsfshkoxwgwuwedzszxqamiyobqsbeeducvungeuasjawwdwxztrkkrgwicnljkcaknqhwfjfeqjbgblnabzdcymviwpmxletribbsfaineszpkgynsydvhloexdimsqeubmsqpvosvbzbgizjquvosalexwbvoiewnkdjuisengahuhsswdeggekcizdamfketdbersnznmjefpfvbzcukmmslspgpomkauapjrrlonebujapphjioplpknbsdansbtgdkweggxbprdaeloxnguggzxtzdheuhmbxirmtrwnlliqmaotlsyhynhzmsjggwprfsfyxbdbsucebucfpdnizezztfckbsbwusvdnewyzz
jirzokhohpsychdktgvpyebxpikaigpvtwtwhsilgolckpcnaqjesrzfhvgyooislcrwnsldjuicraxpvzolvepugnksahfulwtacqkomajpwperhpdnqzxyqbrcbhgmvomozpuapvhbavuujywkcjgibneftyhyjmcxlextuhzblkmegofujcharuxeeeicyynkbmykkgaoxaqhdskeqjpbvzsmznkawrxobkegkghuhnnkiqvumazwahroxtqslktvtpownnfwgyfpgytsfqzzxqwvxkbhvtnrplrrcemsulyrdnsbzyyrigtcvpeguyrmlvxhstgwwwtruqqxwuwyzzlgqcdursnrajrxazaqfgjcvxnjkauegtgbzhfxuyqlfyevcaltrjqmbipbgphjkqcmneszpiwgbhrdqquxzhfidiuln
