moqidmiocsyfpknqgnpyqmpkwbkuuqrrtdcktnrpvcdwx
abbbaaaaaaabaabaaababbbabababaabbbaaabbabbbabaabba
pynqcwoaebsxolsezcwrxskmctaygxdbtmy
aaabaabbbaaaabbbaaaabbababbab
eouyajgiyqsdgwznijeockpmthgqnvvjnynppnobooqtqytejcfvmapbamsqcmmddzahdocobnfwfyzckxatsbynwowjkhlmskmakjpzjacxqvuyhjabrhzzdbcnjmujxpvamguoysefmaomasirbbyihecfnzaoeduygdgvvdsnftukviiwhzinzvfeziaabtjywjyouszewdttbkoxrftybmbzmplzb
bbbabbaaaaabbbbbabbaaabbaaaababaabbaaaaabaaaabbbbbabaaaaabaababbbbaaaaaabbbbaaabaaaaabbbbabbbaaabbabbaaaaaaabaaaababaabbabbbaabbaaababbbaaaaabaaaabaaababbaaaaaabbbaaaababbaaaaaaabaaababbbababbbabab
xdkfvqnhgdoilnlvaegsgikqkmbtvefyycrjcepjajqhkpzvpkpkokzhljhaqjdsdqfhfytlmwaqgapxcsdgmqxcksijhufxizovhwjpxbapzelsserydoshjjjkhuoqwblmybynmodltftmzeimfvddpdetjnfatbjuhbvccgmjwlritnwfc
bbbbbaaabaaabaaaaabbabbabbbaaaabababbaaaaaabaaaabbbbbaaaaaaabaabbabababaaaabbbbabbaaaabbbbbabbbbabbbaaabbaaabaaaaaabbaabaaabbbbbaabaaabbaabbababbabbbbabbbbbaabbaaaaabbbbaaabbaabbaaaaaababaaaaaababaabaabaababbabbabababbbaaaabbababbaab
vmabauhvvzfxhxbcfpzxkshgmbhhdlgmbaelzfpmrb
aaaaaaaaababaaaabba
xcd
aaaaaaaaa
ftsbgygizmszkytzfiyelzfbrxpexuacodoyjadlslacekzlwxsurqjirxvkuozhtpddfhwgrhegfzchopghzetipztlpuqroojuujekmtasqiofrcjthajtyaknxhqrprugzbaaibssqpdzkljsfdjwswfjcnwwmymfvrhytadpdapsxbdxfxsbybtbyzimdjkhmtwcypwenwdwbdkwkzyibjtpiyzwbwemdquqhjhjlcoibmooltlfaqpqkryifefvckqrobxecaztlbllfyrxfkznyvuigbvehzodhpbqgwgjepnhmzwhyhtxykwdqzpfdbpnytsdkydlwduktdutlhczogtlxzpncopyskivwvcfdbwfwweshnijikrxoikpifuxyllqdtssomngjlwnfsdrzyvczqbvxdhqrisztxvjpghkgkyhhzwagwsrdgmsymdpxbnwoejtmwlwhmmrhpeuapaajmibpvetzzvkpfbenydimfatidovzoxpjtzjfgxwajmepczgdbunnoohqayvwvmecnjqugrrzwadvgmk
ababbbaaaaabbaaabaabababbabbaababbbbaabbbababbaaaabbaabbaaaaaabbaabbbbabbaaaabaabbbbbbabaaabbaabaaaababaabbbbaabbababbaaaaabaaaaababbababaaaaaabbaabbbaababbabbabaaaaababbabaaaaaaaaaaabbaabbababbbbbbababaaaaabbbaaaaaaabbabaaaaaabaabaaababbbababbaaabbabaababbbbaaababababaaaaaabbbaaaaaaaabaabbaabaababbbaabaaaabaaabbaaaabaaaababababaabaaaabababbbaababaababababaaaaaaaaaaababaaabaabaabbaaaabaaaabaababbabaaabbaabaaaabaaaabbbbaaaabbabbabbbbabbaabbbaababbbbbaaabaaabbaabaaaaabababbbaabaaaabbabbabaaaaaaaaabbabaabababbbaabaaabbbbaaabaababbaaabbbbaabaabaabababbbabaababaaaabbbaabbbaaaabbaaabbabbabbaaabb
iwjohpghhvsncgkoblzgqalyzliicldkgznjtiqwiidrmnpjhckkstdgttdzbitympwlbjsrdvyienuwcsvwgtsmsyytcynsqlfmmyscgwrqlyimpqbigmingbujhhapdtcmzgbtgpnnkusvyrjknweyhjprezqpoauvceidmdfilfhirsbhclldanizwjupddmutgvnkilfgzbajqrhmjqmogrfpvlwcqfujttvefomxxglrlftwiavkfxijguwxyvlzgmzgdetowohlcgdvqcrokwesfflmsyxxcrprcjlljknrxumkkjmnxxjfqmvcfzyacsfnbkbtjmmrnbbxjetrgwgfxtthprfegokkpcepeqxfimfwplxwixowuvhclmdxzbjejitqjithdlwhliliqerfgfinhgcadlbfcwrbygtsnbrwsxfhdhujdtujrjswtloqhidcpulprzgmibicfqvekdbgriqdgyfhzoigizobkuyvklhdlrftazpgsicxvhvoxlcjzgyojalzrhbgewgfhilheyvfrkbvkmvaojzvjc
aabbaabaababbabbaabbbabaabaaaaabaaaaaababbaaaabbabbbabbaabababbbaaababbaaaaababababaabbababbbababaababaaaaaaababaabbaaaabaaabbbaabbbbbbabaaaabbaababbbabbbbaaabbabbabbbabbbabbbaaaaabbbbaaaaabbbaabaaaabbbabaabbbababababbaabbaabbababbbabaaaabaababbbabbbababbbbbbaaabaaabaaaabaaaabaabbabaaabaaabbbabababbaabbbbbaababbbabaaabbaaaabbbbbaabbbbaabbbaaabababbabbaabbaabaaaaaabaabaaaabbaabbabbbabaabaaabbabbaababaaababbaabaaaabbaabbbabaabbabbaababbabaabbabaaabbbabaababaaaababbababbbbababbaaabaabaabbaaaaababbabaaaabbaaabbabababbbbabbbbaaabbaaababba
dvgsbkwxtmgzsgdigzrqxyalkkpghoauwldunfcvjucodrnwaqcnpecupuysdjmdumpsxdurkkyyxlfufccgqrrzdbhzelxbqpbuiohknlfmkuhsblcojwukueypqrtiqvdbkincluintzlqqkislxmzcjoniecmxgaxxpwimjsqagnlzjctghzcpnajjhpntrpuvjdnyuwoooegthixwebvejefjhvylzcdvvdwaydzlwbirwfiktuxspurrbllgorsipwfdhfclophhmzxudnaizbedhushzbpqrfiaydowfahkpkokopaixegfqynctaznzhkawadhlrbnhfkutllucyamyifcnmxhzipomuzuivpgkwlvtycyajebuqxdvpbibwmrdhwijtrccgafmfbslmqanzpfwqnycoryaobbolggqnohtuvkgnhpltpcjdvjdmqdoxgxiwwgxymhvihhjjtrlhcxbcdhlnlwyuayvgbdtapwtdoascltqblqeadvwsiillipkylnfeqcpzgfucheqrggflnpnbwztnfhobcbmulfeymeorzwfnqqcbviqzbhhxawwa
abbabbbabbaaabbbaaaabbabbaabaabbbbbabbabbbbabaababbaaaabbbaabbabbababaaaabbabaaabbaaaabaababbaaababaaababbbbaabbaaaaaaaaabbbabbbbaaaaaaaabaabbabaababbaaabaabababbbaabababbabababaaabababababababbabbaabaaaaabbbbbbabaaabbbbaaaaababaaaaabbaaabaaaaaaaababbabaaaaaaaababababbabbbaabaabaabaabbaabaabbababbbaabbabbaaaaaaaababababaabbaaaaaabbbaabbbbaabbbaababbaabbabbababbbbaabaabaaabaaaabaaaabaabbaabaabbbaabaaabbaababbbabababaaaaaaaaabaabbaabbaaabaabaaabbabaabaaaabbaaaabaaaaabaabbbbaaaaabbbaabbabbbaaaaaabbababbbbaabaaaaabbbbbabaaaaaaaababbaaaaabababaaabaaabbabaabbabaabbbbabbaab
jscfmrazsiicpfyneeoiroqvlodeivckmvcvptxlihhwkbjfhhtcljkgaebcfblrhbxayjvkcbmwmfvpxxcsglfpvsaecizauvwcykqrpmxfflxrydhpqfopublgpfcnjgazgqjxlrvknacghwowxvzzikwszjstdvqahownvwlzsffbsffegaiglpowaptwsgtjebnttghopqqatmifkvdekrvjboulthvoyajzzsygntvghumxmciizyajyotzhvlcszshjwiabtszrmxgcieyybazyxgtqgdgzzloaqjeqfigdbjmasziphshbiunwbyobjmyewevbckxhqeynunwtzqvicdxqngpjgmzqskxrtuzgbhdjvjvbietgbsltftdgyuxkocjiqqcbvntwvyfthowunfskazmlzfytuxrsgpzrprsfjfwyrxtopharmxrxmyzjfvjkgvbsywmrlaxsbxopasxiqurkggbtwaxaiywrdyoibomwaqjotwvfdooskwseobyqekokivmwhchrbypfbhulwqqqtongcpzwksaldjbxg
bbabbabaaaabaabbaaabaaabbabbbaaaabaaaaabbababaaaaaabababbabaaababbaaabbaaaababbaabaaaaababbbbaaaabbbaaaabbabaaabaaababbaaabbaaaaaabbabbbaabbbaaaabbabbbbabbabbabaababaaaabbbaabbaabaaabaababbbbabbaaabbababaaabaabbaaababbabbababaabaaaaabbbaaaabbbbaabbbaabbbabaaabbbbaaabbbabbbbaabaaabaaabbabbabbbbabbaabababaabbbbababaaaabbbbbbaaabbabbaaabbbbbbbbaaaaaaabaababaaabaabbbababbbabbbabababbabbabbbbabbaaababbabaaababaabbaababbaabababbaabaabaabbababbbaaaabaaabaaababbaabbbbabbbbbabaaaaaaabaababaaabbaabababaababbbbaababbaabbbaabababaababbabaaabbbaaabbaababbaabbabbbabbaababababbaa
nayajdigahcfrepukzodbufjueezjkzggar
aabaaaabbbbbabaaaaaaaaa
aakgjkgypdwcxcakaciuhknz
bbabaaaaaaaaaaaaaa
guakypvfhgcdlgvoaghklytadfzymwakaxlwvyeielecsmfyyhidvjqzewpfxuesfeeinpzmciwsdjnvnqlaqkekkpdazhnmxlxdsbactkcpkiglbxplvlphgtmnuxyoderxcqrkfaoboeheqtfnsinbnfjycbsmxctajketfcokhjjopgaaqgtkaiozocbdhfllpsddsllrwroskdbyjyqpjjmadfsvdavqppqaoebnrgxiiwzubgjixkwormhzwuibgoixqtbvnjkubkaqsyhlnxkbfxzqqcpbhdgcqglmnjgyfpqgzpzpsxdnkgdpuffnhpgiekodyfhjvypcuyff
abaaaabbaabbbabababbbaabbaabbabaaaaaaabbabbaaaaabbaaabbbbbabaababbbbbabbbababbaabbbabaabbbaaaababbababbbabaabaabbaaaaaaaaabbabbaaababbaaaaabaaaaaababbbaabbaabaaaababbabababaaaaabbaabababaaabbabbababbbabaabbbbbbaaaabbaabaabbabbababaabbaaabaaaaaaaaabaaaabaaaabbbbababaaabaaaababbaabaaabaabaaaabbabaaabaababbabbabaaaabaabbbbaabbbbbbbaabaabababbbaaaabaabbbababaaaaababababba
gzsbzzhjrrucpchlfgneadkobnybqndmvqjcqbclclymrgeiznskfvivfgomtxojbhfigheodggtcaijqwklqxppzoemzdaddyblehkfachcnikwsnproxxiabjtwnworlfaryikxskeclmwlnniwbhzmjlacrdxolaqalcvahddhuefsyhvaebgfuphojmtyzsqkirmjzwlgtktztbuoubhooygpnbjgkapkjwkpccjmnaaccdelquxmjebsdevlqwnqafjrlxwgxzjopzelsmvqxwjzbxeiehxovucmerdzjxgfcfxbvyvrvymjdrhwssrpjcggukjdicteavjqqinrtmgtctgjcrwewxkdttzijpuopnfqqqxmbttsoxaq
ababbaaaabbabaabaabaabbbaaaaaabbbbaabaabbaaaabaaabbaaabaaaabbaabaaababaaaaaaababbababaabbbbabbbaaaababbaaaabbaababaaaabaaabaabaaaaabbabbabbabaaaababaaaaabbbaaabbbbbbababaaaaabaabaaaabbbaaaabaabaaaaaaaaababbabbabaaabbbaaabbbaaabbbbababbaaaabababbaaababaaabbbbabbbbbaabaaaaabaaabaaaaaaabaabaababbbabbbbabaaaabaaabbabbaaaaabaabbbaaaabbaaabbbaaabaaaabbbaaabaabaaabaaaaababb
gpqsqxpqgqkacbjbxoiynyihrxrralwwloboqopeubxskbitpoktkwokpzlderuzxexipiounsnzfdrbbohkxbvllsgbwfhvbqwaruuslpctyuwpbpxjvgtfinafecjsaphktwbhxctkchmfuxsutjayeeesyoansgysuqjzevqpwtqthrrerybsoraeogjozdbidbnmotzecwaedlfiyaenggsarweieoglhuzniqvjcjvvjznpzhrkjyjaldffrkpxeltjsibulndarmspgmonpuhiarvfewgijdrbeecfrenebqlfcraffmrpidhxhptbbdsxqnjkvxgjspqbvpybdbbcjwojwlhamucsmcpqqxstrabtdopjzdibsgp
aababbabbbaababaaababbaababbbaaabaabababaabbabaabbaabaaaaabbaaaabababaaaaabbaaabaabbbbabbaaaaaabbaababbaabbbababbaaabababbbbababaaabaaabaabbbbbabababbbaabbbaabaabababbbaabaabaabbabaababbababbbaaaaaabaaababbaaaabbbabaaabaabbababbaaabababaaaaaaaabaabbbaabaabbbbbbabaabaabbaaaabbbabbabababaababbbaababbaababbabaaabaaaaaaaaaaaababababbbabaaaabbbabbbabaabbabbaabbbbaaaababbaaababbabaaaaabaa
bjmdnqpunbwdthifvjikkmkujdevevkwoiypyhiizkxbwrjzytozthxmmjdbpibunsjkmfqelpwwhwntbhpmvcinrlczbuhspkbhgywzzwzadazdduggljpivtqpmmcfpiugoasvfmrzkogcfjnomgtbkmngwfjbirpftcqwlcjybhqcodyfscveanjcjrqcyiqtqdsryuartbvyjhabsolpxofeufpdlaucmhvmptyecehpiyvbjabmdbbracnnxkjqvaqrktwmicrsbaidesdgswfqwwrwpvvbyilcdlxemuztvuxhlbphemjnexbvakwcsnpoprilotcdpcpbqdjkjfroztjjkxaqdklvfdyqsejkwmozmwgj
aabbababaabbbbbbbbaaabaababbbbabababababbaabaaaabaabbaabaaabbaaaabbbaabbbbaaaaaabbaaaabbbaaaaababaabbababaaababaaaabaaaabaabbaababaabbaabbaaaabaabaabaaabaaaabbabbbbbaabaaaaabbaaaaaaabbaaabbbababaaaaabaaaabababbaaaaabbbabbaababababaaabaaaaaabaaaaabbaabbbbaaabababbbbaaaabababbbbaabbabbbbbabaaabaabbaaabbabaaabaabaaaaabbabbababaaabbaaababaaaaababaabbabbaaabaababbababbaaabbbaaaabbbabb
ahaqggjadhmemgieebscnnrhyjgpbdkdznakfmccrayffh
aabaabaaaaaaaaaaaaaaaaaabbabaab
abbpomqjdtytdvgygcri
a
iubflxuseleldlkiumryebdcgbhkaghacdgbgaismluzpgfthcekffgsmriplnbwzumyddmggjmigbtwdwsdcfdpmajyettvennjtapegmmxtgjgxcrbmjuuvbeghmynbdnnsoxzwlntkbccredgjevqfcrxtgffhxnbmfuksjjlmjbnmxtkmkpdosgeqqyk
aaaaaaaaabaaaaaaaabbaaabaaaabaaaaaabaabaabbbbabababaabaabababbaaaabbaaaabbaaaabbabaaabaabbaabbabbabaabaaaaaaaababbbaaaaabbbaababbabaaaaaabaaaaaabbaaaabbbaaaaaaaaaaaaaabaababaaaaaabbbbabbbb
hcavfxmtpchjtdxukgrcknmdehawdipmfcgsizlxnspuhxiadfuhdghcqchmjczahcpcccegjrfgqqxifmdloeyzgdcnadshrmspkynzcnamptwxabmhhiqzaghdtzlbggejnwdebxcsetsifxmuadeauwexwndpxmfhjdkrhplegnraxyuzlyzjaegbrzybodbcdq
baabaaabbaaaabaaaabaabbaabaaabaaabaaaabaaaaaaabbbbaabaaaaababaabbbbaababaaaabaaaabababbbbaaaaaaabaabbaaaaaababbaaabbbaaaaaaaaaaaababaaaaaaabbabaabbbbaaaaaaaabbabbbbbaababababa
mtssupeoankndbbkfwohacggwxdqffyjzituwffsvbcgkihpnagqwabnbkqdfldzwbhnccogefdacgoquozmulgqhksgavaasbgldwgndpbibfslovtgowlfgbrajktojduqjgnkkyjbvzcpakoeiitaegjucdvdamicgkmymujrfqstmndogcamexjfw
aabaabbbaabbaaaaabbbaaaaaabaabaabbbabaaaaababaabababaaaaabbbaaaabaabbbabbbaabaaabaaaabaaabbbaaaaaaaaaabaaaaaabaabbabaabaabbaaaaaabababbabaabbaababbabbbabaaabbabaabaabbaaaaabaaaaabbaabbbababaaab
dspldhzlgujuxfrqlshqlacwpfcbgtlzfreembssepjnvlsdfvogzswvctuwbqgkpiawkdmmdyyjofihxoazyjjpdbjqvihioyiuhpxqibkuofgblamegajohecihcrcfilwboqzetxmwsvaaronnvzlrvhraotkpkrmihkln
aabbaaaabaaaaabaaabaaaaaaabaabbaabbabaabaabaabaaababbbaaaabaabbabbaaaaaaabaabaaaaaaaabbabaababaabababbaabbaaaababaaaabaaaabaabbabbbabbaaabbabaaaabababbbaaababaaaaaaaaaaaaaaaabaaaabaaabbaa
aekupvlxflpmewgdjquiqxlyelwysssufhwihqwfjrkrwylnjnfiqsneywwztyswtyornmfjoqwslvjuxwuezsernloifhdkdcfyqjltjfzadbedxpgpsehsrraczfkgfhtqymcxdkcamswmzheueywvrxegakrwlgoiqwgvkzdqouvndukkopvpqfigduakvcqbazlqqvigyzwaaxdbtwtvzjvkdcqmtvjopywlvwqmpnykittagrequkfaieerihdzqlfkulasmruvoytxthqumovlqakbxznlhnaspnkgruiverwscmkquvqdvjlbcdkqskecceyzcaoiyktmlziuzvlmrckaegcgxzevuxdkbpzhmtlejkvvzddmaknhcvxgbvsolzqrhsyldksmucqwkdktofeeskfcnetdpjxucculdjytvtodryetddlfrfkfvfnnblhbhxevqbfpznouaoreaooracdzkivgqasiscf
abajylgxytizuoqnebntagegvlglbwdazdkyustctngeogtjdjqlzqodzpqrxfcorlojekvgftwxzbeeofypzhqzxfpsylrepwxazaanzlywwavpgjfchreaxjdlqngocprlrcwjdfxfzcrsikllnnfcqmlvcipedwfezarwpbvpssgzgznwnysayoezyameyvpijpqvlxyboavectgmxuwqviftdujtbzjrhgaqzwjxwajinhomakkiqzlqmozchqpwodizfxveqfdftxrygcofngnrqifzspdnpbxlsgleajuqgissueolmnnyfavfwerulptvyxmkuyfmkfykelbkctzptqukrjtaxvjacfilyqldfaddiewmrcfenaljirkprcmfduqtheezxfcbbfgtlogfqcrfnvurhgzxojrfumhofpldhxcxeegdpinaceusniogqhgauxpbhehuhivucd
aaaaaaaaaaaabbababbbbaaaabaaabbbbaabbabbbabaabbaaabbaabbabaaabbbbabbbbbbaabbaaabaaababbbbbbbbaaabbabaaababaaabaaaabbbbaaabbbababaababaaabbbababbaabaabbbbbabbaabbbbaabbbbbaaabbbaaaaaaabbabaababbaabababbabaabbbbaaabbbaaabbbaabbaaabbabaabbaaabbabaaaaaaaaaaababbaaaaababbabaababaabaabababaaaaabbabbabaaabbbbabbaababaaaabaabbaaaaaabaababaaaabbbbaaabaaababaabbbababbbbaabaababbaaaabbaabaabbbbbaaabababbbabaaabababbbbbbbaaaaabbababaaaaaabaabbabbbbaaabbabbabaababbbbbabbbbbbaabbbabbbaaabaaaaaaaaabb
abbaaaaaaaaaaaaaaaaaaaaaaaaaaaaabbbaababbbabbaaaaaabaaabbbbaabbabbbbabbbbbbbbbbbababaaabaaaaabaabbaaabaababaaaaabbbaabaabbbababbbbbbbbabaabababbaabaaaaabbaaabbaababbbbbbbbbbaabbbbbaaabbbaabababaabaaabbbaabbaaabaabbabbaaabbabbbaabbaaababbababbbabbabbbbbabbbabbbbbbabbaaababababaabbabaaaababaaabababbabbbbbaababababbabaaabbabbabbaabaababbaabbbbabbbabbbbabbabbabaaabaabbbaaaabbbaaaabababbaababbbabbaaaaaabbaaababbabaaabaabbabbbbabbbaaaaaaaaababbbabbaaabbaaaabaaabaababbababaabaaaaaaaaabbaabbbbbabab
gmuuenjrlriczeipgolbvvfcotxtuhemxwwbbuchmhlaxanmnebavjrvaohzbtfwnimrpwrjqytqxingmbqcoulpvcllnnhouaxdzxffqencpwubmmkiingkaoyuapbeyrdsyxbgqhifbuqturonxavrjoxqolresyashfihrpaouudizxainfayssnvrteuiryjluatqmxyaiebscltjwzrutjkfuekyseqxrprbhbdpaypfgayadnxpxhdghbdotyqdbjhbzzkjdhkdhqtsbarpnmdyxlpuzzapsxlhgcwgdfwpayoqunhhmszjmmoyileetjefsnujtrnfmsdhzfsucuqucuwzzojdkolkjpunyzvbwzkrpvwrbozuvtuvhkvvjhvuuynronzkqceyvldfwvyzanyijqvzxgsrxghgkfmplvprtxbazwwenkbpjxxpsrragfszwzzrrdgpwgwqzcyhcyqoarnusypkkzanmzrjrendibvurmscgqafibitlxssbfwfnwfzawwbwbrjebqzpmetitymgljorrmffwfcdqjomndzhlbppnpkwhcwdrlktdexdhxoihiqenoncsfovwmevgnfcitoawoenqgpqjdzwaaktrikxcwakgawflysoivzgzfyeawvvfhnaiclqakhouhantthadmoygfbfnjpbhcevduageyzmzjaoburokkmibmbkjcnovrrnvpxfaaceclnhtjdxddxiuzysjrmilqvdsbphyjiipxshtliegrchbtogwauwvvzkboyrobotyisifythjlhfsrehisziowuozmeyiyhdkrmtpbqqauuhpphwlxgchyuvcsxyqhgwujznpezdlftpwntismpababjwrp
xlungusiikzqgzkdqhgvdqrlnbbclyzvasxxebxqohqcokwrezrwungjajlhwrskzwfxgzrksjhdxtxvcgguuoigoeisjyydiqcycrzqnxafqvwolvhplyilefturepkoliqtgrqadwczvtmfubhtlizszncccbtsfzhpewfkirbsuiizhffqsxezyvrztjnyaxcasarwnhhdqkeejnibnyqrgywmtwiyybirbcsennadsechrobaqjiyyeacnvtfbvbammntcycifmyzctdkqnnfnnszbycxawjbgpgqprvxbadhljjtuitsdxhutulkgbkncvalmtkmfzwlcdrsonithulfdmfvjivbsjunegipzrxzfpqpojknxucpzbqaibeaogmyufxblbywusykxdlvefncfoblzvltairwtfupewiobynzirapdsezwwcwiuhkclruxrmblaxyeuprzcklxsvsqxzejyiiizyptpiihrenatmwogzfdsudazbummhtkwnudoxchfwozlunuvztndorcvsevwxuwfjfehefynjefqxurgnnrfawaoleyslqxgibvxaffrczaxftijhozykmrpemlmhtdxvqridfawvdbbtpvllaaurgvpbavufixwkflxqzhndmztbehpeyqmrviqnabgokkbsohqjuyqzfkktefoptoctmsaxvbsoffdcyvxjjgwlflzbjksmorrvmfsccwcnewnfyaenadniwjgarwgoqywjpesqxbpgztjzkvjprzuqhvhngaidrbgcsmmysliyihkziumopjintfoipadtvdfcaovevuzgshvtdxorfdovvlptfdneezbhuwkwnvidaszflkjcudhbefqfakdmkxotecerqlxwplxptxfnmbyvkxcmstlsggbmskuexun
