testest
icpcicpc
cccpppcccpppcc
ii
strongestrongest
tttt
nguknqqyyurrqursygbppgusaipnocplronguknqqyyurrqursygbppgusaipnocplronguknqqy
lvqlvqlvqlvqlv
pbpbpbpbpbpbpbpbpbpbpbpbpbpbpbpbpbpbpbpbpbpbpbpbpbpb
mmmbkbckcmgmugbmgbccbggguggkmmbmmmbkbckcmgmugbmgbccbggguggkmmbmmmbkbckcmgmugbm
jj
thvyciavcitjdacgvjthvyciavcitjdacgvjthvyciavcitjdacgvjthvyciavcitjd
dkykudzkpzipylvffyuknkypzufuddyfyozpdpopidkykudzkpzipylvffyuknkypzufuddyfyozpdpopidky
iqajzuyxuufnqeugmzwagiwsfxtlfguzviqajzuyxuufnqeugmzwagiwsfxtlfguzviqajz
gljbbiyebiagtgljbbiyebiagtgljbbiyebiagtgljbbiyebiagtg
iccqqllvpvliiccqqllvpvliic
zrjisndtnzrjisndtnzrjisndtnzrjisndtnzrjisndtnzrjisndtnzr
eurgttbeurgttbeurgttbeurgttbeurgttbeurgttbeurgttb
ococcoooccoocoooococcccoccococcoooccoocoooococcccoccococcoooccoo
uzafqobreumuvrjbjmmixomwotetlsltmmuopyjahphuuzafqobreumuvrjbjmmixomwotetlsltmmuopyjahphuuzafq
pocpocpocpocpocpocpocpocpocpocpocpocpocpocpocpoc
cusccanpcusccanpcusccanpcusccanpcusccanpcusccanpcu
gikletmsleptrtmkwgikletmsleptrtmkwgikletmsleptrtmkwgikletmsleptrtm
koyfyaokoyfyaokoyfyaoko
ooeeooeeo
nnnn
aaaaaaaaaaaaaaaaaaaaaaaaaaaaaaaaaaaaaaaaaaaaaaaaaaa
bgqkzvqxluwbgqkzvqxluw
cmdmgndutdacmdmgndutdacmdmgndutdacmdm
ivjnkywyivjnkywyivjnkywyivjnkywyivjnkywyi
oooyoooyoooyoooyoooyoooyoooyoooyoooyoooyoooyoooyoooyo
tftfbbtbbttbbbbstftfbbtbbttbbbbstftfbbtbbt
akwkvhfqgwwsfknuokaqwsrswhxgaqhnngggpjbkakwkvhfqgwwsfknuokaqwsrswhxgaqhnngggpjbkakwkvhfqg
hhhhhhhhhhhhhhhhhhhhhhhhhhhhhhhhhhhhhhhhzzzzzzzzzzhhhhhhhhhhhhhhhhhhhhhhhhhhhhhhhhhhhhhhhhzzzzzzzzzz
dgoteyianldgoteyianldgoteyianldgoteyianldgoteyianldg
oekromenoekromenoekromenoekromeno
llllllllllllllllllllllllllllllllllllllllll
wfkygwxglcvsbehtqwfkygwxglcvsbehtqwfkygwxglcvsbehtqwfkygw
zzehqerlrczqzzehqerlrczqzzehqerlr
uercktketubttktrukbkeuueecktubreckecuuetbkreebuercktketubttktrukbkeuueecktubreckecuuetbkreebuer
hkfwmjvancafxrynobflpxjhkfwmjvancafxrynobflpxjhkfwmjvancafxrynobflp
fjpqgactygcacctqdzhyjzjryjafjpqgactygcacctqdzhyjzjryjafjpqgactygcacctqdzhyjzj
gxnrgslbvgvnvidzxacpjylgxnrgslbvgvnvidzxacpjylgxnrgslbvgvnvidzxacpjylg
dkfmdmkpfxdmdfddkxfddxkmfmdkfxpppmkxdkfmdmkpfxdmdfddkxfddxkmfmdkfxpppmkxdkfmd
pulpltsisqqeoukpulpltsisqqeoukpulpltsisqqeoukpulpl
zvzfewcczfmhyfzckyetzvzfewcczfmhyfzckyetzvzfewcczfmhyfzc
uiodkmuauiodkmuau
zmqyzymgywzrixshwwxzisrzmqyzymgywzrixshwwxzisrz
tleysqgzszqshptleysqgzszqshptleysqgzszq
jjjjjjjjjjjjjjjjjjjjjjjjjjjjjjjjjjjjjj
